Archive member included to satisfy reference by file (symbol)

c:/program files (x86)/atmel/studio/7.0/toolchain/arm/arm-gnu-toolchain/bin/../lib/gcc/arm-none-eabi/6.3.1/thumb/v7-m\libgcc.a(_arm_addsubdf3.o)
                              drivers/src/PID.o (__aeabi_dadd)
c:/program files (x86)/atmel/studio/7.0/toolchain/arm/arm-gnu-toolchain/bin/../lib/gcc/arm-none-eabi/6.3.1/thumb/v7-m\libgcc.a(_arm_muldivdf3.o)
                              drivers/src/PID.o (__aeabi_dmul)
c:/program files (x86)/atmel/studio/7.0/toolchain/arm/arm-gnu-toolchain/bin/../lib/gcc/arm-none-eabi/6.3.1/thumb/v7-m\libgcc.a(_arm_truncdfsf2.o)
                              drivers/src/time.o (__aeabi_d2f)
c:/program files (x86)/atmel/studio/7.0/toolchain/arm/arm-gnu-toolchain/bin/../lib/gcc/arm-none-eabi/6.3.1/thumb/v7-m\libgcc.a(_aeabi_uldivmod.o)
                              drivers/src/time.o (__aeabi_uldivmod)
c:/program files (x86)/atmel/studio/7.0/toolchain/arm/arm-gnu-toolchain/bin/../lib/gcc/arm-none-eabi/6.3.1/thumb/v7-m\libgcc.a(_fixdfdi.o)
                              drivers/src/PID.o (__aeabi_d2lz)
c:/program files (x86)/atmel/studio/7.0/toolchain/arm/arm-gnu-toolchain/bin/../lib/gcc/arm-none-eabi/6.3.1/thumb/v7-m\libgcc.a(_fixunsdfdi.o)
                              c:/program files (x86)/atmel/studio/7.0/toolchain/arm/arm-gnu-toolchain/bin/../lib/gcc/arm-none-eabi/6.3.1/thumb/v7-m\libgcc.a(_fixdfdi.o) (__aeabi_d2ulz)
c:/program files (x86)/atmel/studio/7.0/toolchain/arm/arm-gnu-toolchain/bin/../lib/gcc/arm-none-eabi/6.3.1/thumb/v7-m\libgcc.a(_udivmoddi4.o)
                              c:/program files (x86)/atmel/studio/7.0/toolchain/arm/arm-gnu-toolchain/bin/../lib/gcc/arm-none-eabi/6.3.1/thumb/v7-m\libgcc.a(_aeabi_uldivmod.o) (__udivmoddi4)
c:/program files (x86)/atmel/studio/7.0/toolchain/arm/arm-gnu-toolchain/bin/../lib/gcc/arm-none-eabi/6.3.1/thumb/v7-m\libgcc.a(_dvmd_tls.o)
                              c:/program files (x86)/atmel/studio/7.0/toolchain/arm/arm-gnu-toolchain/bin/../lib/gcc/arm-none-eabi/6.3.1/thumb/v7-m\libgcc.a(_aeabi_uldivmod.o) (__aeabi_ldiv0)
c:/program files (x86)/atmel/studio/7.0/toolchain/arm/arm-gnu-toolchain/bin/../lib/gcc/arm-none-eabi/6.3.1/thumb/v7-m\libgcc.a(_arm_cmpdf2.o)
                              c:/program files (x86)/atmel/studio/7.0/toolchain/arm/arm-gnu-toolchain/bin/../lib/gcc/arm-none-eabi/6.3.1/thumb/v7-m\libgcc.a(_fixdfdi.o) (__aeabi_dcmplt)
c:/program files (x86)/atmel/studio/7.0/toolchain/arm/arm-gnu-toolchain/bin/../lib/gcc/arm-none-eabi/6.3.1/thumb/v7-m\libgcc.a(_arm_fixunsdfsi.o)
                              c:/program files (x86)/atmel/studio/7.0/toolchain/arm/arm-gnu-toolchain/bin/../lib/gcc/arm-none-eabi/6.3.1/thumb/v7-m\libgcc.a(_fixunsdfdi.o) (__aeabi_d2uiz)
c:/program files (x86)/atmel/studio/7.0/toolchain/arm/arm-gnu-toolchain/bin/../lib/gcc/arm-none-eabi/6.3.1/../../../../arm-none-eabi/lib/thumb/v7-m\libc.a(lib_a-exit.o)
                              c:/program files (x86)/atmel/studio/7.0/toolchain/arm/arm-gnu-toolchain/bin/../lib/gcc/arm-none-eabi/6.3.1/../../../../arm-none-eabi/lib/thumb/v7-m/crt0.o (exit)
c:/program files (x86)/atmel/studio/7.0/toolchain/arm/arm-gnu-toolchain/bin/../lib/gcc/arm-none-eabi/6.3.1/../../../../arm-none-eabi/lib/thumb/v7-m\libc.a(lib_a-impure.o)
                              c:/program files (x86)/atmel/studio/7.0/toolchain/arm/arm-gnu-toolchain/bin/../lib/gcc/arm-none-eabi/6.3.1/../../../../arm-none-eabi/lib/thumb/v7-m\libc.a(lib_a-exit.o) (_global_impure_ptr)
c:/program files (x86)/atmel/studio/7.0/toolchain/arm/arm-gnu-toolchain/bin/../lib/gcc/arm-none-eabi/6.3.1/../../../../arm-none-eabi/lib/thumb/v7-m\libc.a(lib_a-init.o)
                              c:/program files (x86)/atmel/studio/7.0/toolchain/arm/arm-gnu-toolchain/bin/../lib/gcc/arm-none-eabi/6.3.1/../../../../arm-none-eabi/lib/thumb/v7-m/crt0.o (__libc_init_array)
c:/program files (x86)/atmel/studio/7.0/toolchain/arm/arm-gnu-toolchain/bin/../lib/gcc/arm-none-eabi/6.3.1/../../../../arm-none-eabi/lib/thumb/v7-m\libc.a(lib_a-memset.o)
                              c:/program files (x86)/atmel/studio/7.0/toolchain/arm/arm-gnu-toolchain/bin/../lib/gcc/arm-none-eabi/6.3.1/../../../../arm-none-eabi/lib/thumb/v7-m/crt0.o (memset)
c:/program files (x86)/atmel/studio/7.0/toolchain/arm/arm-gnu-toolchain/bin/../lib/gcc/arm-none-eabi/6.3.1/../../../../arm-none-eabi/lib/thumb/v7-m\libc.a(lib_a-printf.o)
                              drivers/src/CAN.o (printf)
c:/program files (x86)/atmel/studio/7.0/toolchain/arm/arm-gnu-toolchain/bin/../lib/gcc/arm-none-eabi/6.3.1/../../../../arm-none-eabi/lib/thumb/v7-m\libc.a(lib_a-puts.o)
                              drivers/src/UART.o (puts)
c:/program files (x86)/atmel/studio/7.0/toolchain/arm/arm-gnu-toolchain/bin/../lib/gcc/arm-none-eabi/6.3.1/../../../../arm-none-eabi/lib/thumb/v7-m\libc.a(lib_a-strlen-stub.o)
[...]
Memory Configuration

Name             Origin             Length             Attributes
rom              0x00080000         0x00080000         xr
ram              0x20000000         0x00018000         xrw
*default*        0x00000000         0xffffffff

Linker script and memory map

LOAD c:/program files (x86)/atmel/studio/7.0/toolchain/arm/arm-gnu-toolchain/bin/../lib/gcc/arm-none-eabi/6.3.1/thumb/v7-m/crti.o
LOAD c:/program files (x86)/atmel/studio/7.0/toolchain/arm/arm-gnu-toolchain/bin/../lib/gcc/arm-none-eabi/6.3.1/thumb/v7-m/crtbegin.o
LOAD c:/program files (x86)/atmel/studio/7.0/toolchain/arm/arm-gnu-toolchain/bin/../lib/gcc/arm-none-eabi/6.3.1/../../../../arm-none-eabi/lib/thumb/v7-m/crt0.o
LOAD Device_Startup/startup_sam3xa.o
LOAD Device_Startup/system_sam3xa.o
LOAD drivers/src/ADC.o
LOAD drivers/src/CAN.o
LOAD drivers/src/motor.o
LOAD drivers/src/solenoid.o
LOAD drivers/src/encoder.o
LOAD drivers/src/PID.o
LOAD drivers/src/PWM.o
LOAD drivers/src/time.o
LOAD drivers/src/UART.o
LOAD main.o
LOAD utils.o
START GROUP
LOAD c:/program files (x86)/atmel/studio/7.0/toolchain/arm/arm-gnu-toolchain/bin/../lib/gcc/arm-none-eabi/6.3.1/../../../../arm-none-eabi/lib/thumb/v7-m\libm.a
END GROUP
START GROUP
LOAD c:/program files (x86)/atmel/studio/7.0/toolchain/arm/arm-gnu-toolchain/bin/../lib/gcc/arm-none-eabi/6.3.1/thumb/v7-m\libgcc.a
LOAD c:/program files (x86)/atmel/studio/7.0/toolchain/arm/arm-gnu-toolchain/bin/../lib/gcc/arm-none-eabi/6.3.1/../../../../arm-none-eabi/lib/thumb/v7-m\libc.a
END GROUP
LOAD c:/program files (x86)/atmel/studio/7.0/toolchain/arm/arm-gnu-toolchain/bin/../lib/gcc/arm-none-eabi/6.3.1/thumb/v7-m/crtend.o
LOAD c:/program files (x86)/atmel/studio/7.0/toolchain/arm/arm-gnu-toolchain/bin/../lib/gcc/arm-none-eabi/6.3.1/thumb/v7-m/crtn.o
                0x00000400                STACK_SIZE = DEFINED (STACK_SIZE)?STACK_SIZE:0x400
                0x00000200                HEAP_SIZE = DEFINED (HEAP_SIZE)?HEAP_SIZE:0x200

.text           0x00080000     0x69b0
                0x00080000                . = ALIGN (0x4)
                0x00080000                _sfixed = .
 *(.vectors .vectors.*)
 .vectors       0x00080000       0xf4 Device_Startup/startup_sam3xa.o
                0x00080000                exception_table
 *(.text .text.* .gnu.linkonce.t.*)
 .text          0x000800f4       0x6c c:/program files (x86)/atmel/studio/7.0/toolchain/arm/arm-gnu-toolchain/bin/../lib/gcc/arm-none-eabi/6.3.1/thumb/v7-m/crtbegin.o
 .text.Dummy_Handler
                0x00080160        0x2 Device_Startup/startup_sam3xa.o
                0x00080160                DACC_Handler
                0x00080160                DebugMon_Handler
                0x00080160                DMAC_Handler
                0x00080160                TRNG_Handler
                0x00080160                HardFault_Handler
                0x00080160                TC2_Handler
                0x00080160                USART3_Handler
                0x00080160                TWI1_Handler
                0x00080160                PendSV_Handler
                0x00080160                NMI_Handler
                0x00080160                TC7_Handler
                0x00080160                SMC_Handler
                0x00080160                USART0_Handler
                0x00080160                RTT_Handler
                0x00080160                EFC1_Handler
                0x00080160                PIOB_Handler
                0x00080160                RTC_Handler
                0x00080160                UsageFault_Handler
                0x00080160                TC6_Handler
                0x00080160                WDT_Handler
                0x00080160                TC4_Handler
                0x00080160                TC1_Handler
                0x00080160                HSMCI_Handler
                0x00080160                TC3_Handler
                0x00080160                Dummy_Handler
                0x00080160                TWI0_Handler
                0x00080160                USART1_Handler
                0x00080160                PIOA_Handler
                0x00080160                SSC_Handler
                0x00080160                EFC0_Handler
                0x00080160                PMC_Handler
                0x00080160                PWM_Handler
                0x00080160                CAN1_Handler
                0x00080160                MemManage_Handler
                0x00080160                SUPC_Handler
                0x00080160                SVC_Handler
                0x00080160                TC8_Handler
                0x00080160                USART2_Handler
                0x00080160                PIOD_Handler
                0x00080160                EMAC_Handler
                0x00080160                PIOC_Handler
                0x00080160                BusFault_Handler
                0x00080160                RSTC_Handler
                0x00080160                TC0_Handler
                0x00080160                TC5_Handler
                0x00080160                UOTGHS_Handler
                0x00080160                SPI0_Handler
 *fill*         0x00080162        0x2 
 .text.Reset_Handler
                0x00080164       0x6c Device_Startup/startup_sam3xa.o
                0x00080164                Reset_Handler
 .text.SystemInit
                0x000801d0       0xa4 Device_Startup/system_sam3xa.o
                0x000801d0                SystemInit
 .text.adc_init
                0x00080274       0x40 drivers/src/ADC.o
                0x00080274                adc_init
 .text.ADC_Handler
                0x000802b4       0x94 drivers/src/ADC.o
                0x000802b4                ADC_Handler
 .text.can_init
                0x00080348       0x9c drivers/src/CAN.o
                0x00080348                can_init
 .text.can_tx   0x000803e4       0x48 drivers/src/CAN.o
                0x000803e4                can_tx
 .text.can_rx   0x0008042c       0x50 drivers/src/CAN.o
                0x0008042c                can_rx
 .text.CAN0_Handler
                0x0008047c      0x124 drivers/src/CAN.o
                0x0008047c                CAN0_Handler
 .text.motor_init
                0x000805a0       0x74 drivers/src/motor.o
                0x000805a0                motor_init
 .text.drive_motor
                0x00080614       0x40 drivers/src/motor.o
                0x00080614                drive_motor
 .text.solenoid_init
                0x00080654       0x10 drivers/src/solenoid.o
                0x00080654                solenoid_init
 .text.solenoid_push
                0x00080664        0xc drivers/src/solenoid.o
                0x00080664                solenoid_push
 .text.solenoid_release
                0x00080670        0xc drivers/src/solenoid.o
                0x00080670                solenoid_release
 .text.encoder_init
                0x0008067c       0x60 drivers/src/encoder.o
                0x0008067c                encoder_init
 .text.encoder_read
                0x000806dc        0xc drivers/src/encoder.o
                0x000806dc                encoder_read
 .text.get_y    0x000806e8       0x20 drivers/src/encoder.o
                0x000806e8                get_y
 .text.get_r    0x00080708       0x24 drivers/src/encoder.o
                0x00080708                get_r
 .text.pid      0x0008072c       0xb0 drivers/src/PID.o
                0x0008072c                pid
 .text.pwm_init
                0x000807dc       0x50 drivers/src/PWM.o
                0x000807dc                pwm_init
 .text.set_duty_cycle
                0x0008082c       0x1c drivers/src/PWM.o
                0x0008082c                set_duty_cycle
 .text.from_joy2pwm
                0x00080848       0x24 drivers/src/PWM.o
                0x00080848                from_joy2pwm
 .text.time_init
                0x0008086c       0x34 drivers/src/time.o
                0x0008086c                time_init
 .text.SysTick_Handler
                0x000808a0       0x24 drivers/src/time.o
                0x000808a0                SysTick_Handler
 .text.time_now
                0x000808c4       0x38 drivers/src/time.o
                0x000808c4                time_now
 .text.msecs    0x000808fc       0x1c drivers/src/time.o
                0x000808fc                msecs
 .text.seconds  0x00080918       0x48 drivers/src/time.o
                0x00080918                seconds
 .text.minutes  0x00080960       0x54 drivers/src/time.o
                0x00080960                minutes
 .text.hours    0x000809b4       0x2c drivers/src/time.o
                0x000809b4                hours
 .text.time_split
                0x000809e0      0x150 drivers/src/time.o
                0x000809e0                time_split
 .text.time_combine
                0x00080b30       0x5c drivers/src/time.o
                0x00080b30                time_combine
 .text.time_spinUntil
                0x00080b8c       0x18 drivers/src/time.o
                0x00080b8c                time_spinUntil
 .text.time_spinFor
                0x00080ba4       0x1c drivers/src/time.o
                0x00080ba4                time_spinFor
 .text.push     0x00080bc0       0x28 drivers/src/UART.o
                0x00080bc0                push
 .text.pop      0x00080be8       0x2c drivers/src/UART.o
                0x00080be8                pop
 .text.uart_init
                0x00080c14       0x5c drivers/src/UART.o
                0x00080c14                uart_init
 .text.uart_tx  0x00080c70       0x20 drivers/src/UART.o
                0x00080c70                uart_tx
 .text.uart_rx  0x00080c90       0x18 drivers/src/UART.o
                0x00080c90                uart_rx
 .text.UART_Handler
                0x00080ca8       0x48 drivers/src/UART.o
                0x00080ca8                UART_Handler
 .text._sbrk    0x00080cf0       0x2c drivers/src/UART.o
                0x00080cf0                _sbrk
 .text._close   0x00080d1c        0x6 drivers/src/UART.o
                0x00080d1c                _close
 .text._fstat   0x00080d22        0xa drivers/src/UART.o
                0x00080d22                _fstat
 .text._isatty  0x00080d2c        0x4 drivers/src/UART.o
                0x00080d2c                _isatty
 .text._lseek   0x00080d30        0x4 drivers/src/UART.o
                0x00080d30                _lseek
 .text._write   0x00080d34       0x28 drivers/src/UART.o
                0x00080d34                _write
 .text._read    0x00080d5c       0x2c drivers/src/UART.o
                0x00080d5c                _read
 .text.run      0x00080d88       0x80 main.o
                0x00080d88                run
 .text.main     0x00080e08       0xd4 main.o
                0x00080e08                main
 .text.auto_calib_encoder
                0x00080edc       0x8c utils.o
                0x00080edc                auto_calib_encoder
 .text          0x00080f68      0x370 c:/program files (x86)/atmel/studio/7.0/toolchain/arm/arm-gnu-toolchain/bin/../lib/gcc/arm-none-eabi/6.3.1/thumb/v7-m\libgcc.a(_arm_addsubdf3.o)
                0x00080f68                __aeabi_drsub
                0x00080f70                __aeabi_dsub
                0x00080f70                __subdf3
                0x00080f74                __aeabi_dadd
                0x00080f74                __adddf3
                0x000811ec                __floatunsidf
                0x000811ec                __aeabi_ui2d
                0x0008120c                __floatsidf
                0x0008120c                __aeabi_i2d
                0x00081230                __aeabi_f2d
                0x00081230                __extendsfdf2
                0x0008126c                __floatundidf
                0x0008126c                __aeabi_ul2d
                0x0008127c                __floatdidf
                0x0008127c                __aeabi_l2d
 .text          0x000812d8      0x424 c:/program files (x86)/atmel/studio/7.0/toolchain/arm/arm-gnu-toolchain/bin/../lib/gcc/arm-none-eabi/6.3.1/thumb/v7-m\libgcc.a(_arm_muldivdf3.o)
                0x000812d8                __aeabi_dmul
                0x000812d8                __muldf3
                0x0008152c                __divdf3
                0x0008152c                __aeabi_ddiv
 .text          0x000816fc       0x30 c:/program files (x86)/atmel/studio/7.0/toolchain/arm/arm-gnu-toolchain/bin/../lib/gcc/arm-none-eabi/6.3.1/thumb/v7-m\libgcc.a(_aeabi_uldivmod.o)
                0x000816fc                __aeabi_uldivmod
 .text          0x0008172c       0x30 c:/program files (x86)/atmel/studio/7.0/toolchain/arm/arm-gnu-toolchain/bin/../lib/gcc/arm-none-eabi/6.3.1/thumb/v7-m\libgcc.a(_fixdfdi.o)
                0x0008172c                __fixdfdi
                0x0008172c                __aeabi_d2lz
 .text          0x0008175c       0x48 c:/program files (x86)/atmel/studio/7.0/toolchain/arm/arm-gnu-toolchain/bin/../lib/gcc/arm-none-eabi/6.3.1/thumb/v7-m\libgcc.a(_fixunsdfdi.o)
                0x0008175c                __fixunsdfdi
                0x0008175c                __aeabi_d2ulz
 .text          0x000817a4      0x2dc c:/program files (x86)/atmel/studio/7.0/toolchain/arm/arm-gnu-toolchain/bin/../lib/gcc/arm-none-eabi/6.3.1/thumb/v7-m\libgcc.a(_udivmoddi4.o)
                0x000817a4                __udivmoddi4
 .text          0x00081a80        0x4 c:/program files (x86)/atmel/studio/7.0/toolchain/arm/arm-gnu-toolchain/bin/../lib/gcc/arm-none-eabi/6.3.1/thumb/v7-m\libgcc.a(_dvmd_tls.o)
                0x00081a80                __aeabi_idiv0
                0x00081a80                __aeabi_ldiv0
 .text          0x00081a84      0x110 c:/program files (x86)/atmel/studio/7.0/toolchain/arm/arm-gnu-toolchain/bin/../lib/gcc/arm-none-eabi/6.3.1/thumb/v7-m\libgcc.a(_arm_cmpdf2.o)
                0x00081a84                __gtdf2
                0x00081a84                __gedf2
                0x00081a8c                __ltdf2
                0x00081a8c                __ledf2
                0x00081a94                __nedf2
                0x00081a94                __eqdf2
                0x00081a94                __cmpdf2
                0x00081b10                __aeabi_cdrcmple
                0x00081b20                __aeabi_cdcmpeq
                0x00081b20                __aeabi_cdcmple
                0x00081b30                __aeabi_dcmpeq
                0x00081b44                __aeabi_dcmplt
                0x00081b58                __aeabi_dcmple
                0x00081b6c                __aeabi_dcmpge
                0x00081b80                __aeabi_dcmpgt
 .text          0x00081b94       0x40 c:/program files (x86)/atmel/studio/7.0/toolchain/arm/arm-gnu-toolchain/bin/../lib/gcc/arm-none-eabi/6.3.1/thumb/v7-m\libgcc.a(_arm_fixunsdfsi.o)
                0x00081b94                __aeabi_d2uiz
                0x00081b94                __fixunsdfsi
 .text.__libc_init_array
                0x00081bd4       0x50 c:/program files (x86)/atmel/studio/7.0/toolchain/arm/arm-gnu-toolchain/bin/../lib/gcc/arm-none-eabi/6.3.1/../../../../arm-none-eabi/lib/thumb/v7-m\libc.a(lib_a-init.o)
                0x00081bd4                __libc_init_array
 .text.memset   0x00081c24       0x9c c:/program files (x86)/atmel/studio/7.0/toolchain/arm/arm-gnu-toolchain/bin/../lib/gcc/arm-none-eabi/6.3.1/../../../../arm-none-eabi/lib/thumb/v7-m\libc.a(lib_a-memset.o)
                0x00081c24                memset
 .text.printf   0x00081cc0       0x28 c:/program files (x86)/atmel/studio/7.0/toolchain/arm/arm-gnu-toolchain/bin/../lib/gcc/arm-none-eabi/6.3.1/../../../../arm-none-eabi/lib/thumb/v7-m\libc.a(lib_a-printf.o)
                0x00081cc0                printf
 .text._puts_r  0x00081ce8       0x9c c:/program files (x86)/atmel/studio/7.0/toolchain/arm/arm-gnu-toolchain/bin/../lib/gcc/arm-none-eabi/6.3.1/../../../../arm-none-eabi/lib/thumb/v7-m\libc.a(lib_a-puts.o)
                0x00081ce8                _puts_r
 .text.puts     0x00081d84       0x10 c:/program files (x86)/atmel/studio/7.0/toolchain/arm/arm-gnu-toolchain/bin/../lib/gcc/arm-none-eabi/6.3.1/../../../../arm-none-eabi/lib/thumb/v7-m\libc.a(lib_a-puts.o)
                0x00081d84                puts
 .text.strlen   0x00081d94       0x5c c:/program files (x86)/atmel/studio/7.0/toolchain/arm/arm-gnu-toolchain/bin/../lib/gcc/arm-none-eabi/6.3.1/../../../../arm-none-eabi/lib/thumb/v7-m\libc.a(lib_a-strlen-stub.o)
                0x00081d94                strlen
 .text._vfprintf_r
                0x00081df0     0x15e8 c:/program files (x86)/atmel/studio/7.0/toolchain/arm/arm-gnu-toolchain/bin/../lib/gcc/arm-none-eabi/6.3.1/../../../../arm-none-eabi/lib/thumb/v7-m\libc.a(lib_a-vfprintf.o)
                0x00081df0                _vfprintf_r
 .text.__sbprintf
                0x000833d8       0x88 c:/program files (x86)/atmel/studio/7.0/toolchain/arm/arm-gnu-toolchain/bin/../lib/gcc/arm-none-eabi/6.3.1/../../../../arm-none-eabi/lib/thumb/v7-m\libc.a(lib_a-vfprintf.o)
 .text.__swsetup_r
                0x00083460       0xc8 c:/program files (x86)/atmel/studio/7.0/toolchain/arm/arm-gnu-toolchain/bin/../lib/gcc/arm-none-eabi/6.3.1/../../../../arm-none-eabi/lib/thumb/v7-m\libc.a(lib_a-wsetup.o)
                0x00083460                __swsetup_r
 .text.startup.register_fini
                0x00083528       0x14 c:/program files (x86)/atmel/studio/7.0/toolchain/arm/arm-gnu-toolchain/bin/../lib/gcc/arm-none-eabi/6.3.1/../../../../arm-none-eabi/lib/thumb/v7-m\libc.a(lib_a-__call_atexit.o)
 .text.atexit   0x0008353c        0xc c:/program files (x86)/atmel/studio/7.0/toolchain/arm/arm-gnu-toolchain/bin/../lib/gcc/arm-none-eabi/6.3.1/../../../../arm-none-eabi/lib/thumb/v7-m\libc.a(lib_a-atexit.o)
                0x0008353c                atexit
 .text.quorem   0x00083548      0x128 c:/program files (x86)/atmel/studio/7.0/toolchain/arm/arm-gnu-toolchain/bin/../lib/gcc/arm-none-eabi/6.3.1/../../../../arm-none-eabi/lib/thumb/v7-m\libc.a(lib_a-dtoa.o)
 .text._dtoa_r  0x00083670      0xe44 c:/program files (x86)/atmel/studio/7.0/toolchain/arm/arm-gnu-toolchain/bin/../lib/gcc/arm-none-eabi/6.3.1/../../../../arm-none-eabi/lib/thumb/v7-m\libc.a(lib_a-dtoa.o)
                0x00083670                _dtoa_r
 .text.__sflush_r
                0x000844b4      0x138 c:/program files (x86)/atmel/studio/7.0/toolchain/arm/arm-gnu-toolchain/bin/../lib/gcc/arm-none-eabi/6.3.1/../../../../arm-none-eabi/lib/thumb/v7-m\libc.a(lib_a-fflush.o)
                0x000844b4                __sflush_r
 .text._fflush_r
                0x000845ec       0x54 c:/program files (x86)/atmel/studio/7.0/toolchain/arm/arm-gnu-toolchain/bin/../lib/gcc/arm-none-eabi/6.3.1/../../../../arm-none-eabi/lib/thumb/v7-m\libc.a(lib_a-fflush.o)
                0x000845ec                _fflush_r
 .text._cleanup_r
                0x00084640        0xc c:/program files (x86)/atmel/studio/7.0/toolchain/arm/arm-gnu-toolchain/bin/../lib/gcc/arm-none-eabi/6.3.1/../../../../arm-none-eabi/lib/thumb/v7-m\libc.a(lib_a-findfp.o)
                0x00084640                _cleanup_r
 .text.std.isra.0
                0x0008464c       0x50 c:/program files (x86)/atmel/studio/7.0/toolchain/arm/arm-gnu-toolchain/bin/../lib/gcc/arm-none-eabi/6.3.1/../../../../arm-none-eabi/lib/thumb/v7-m\libc.a(lib_a-findfp.o)
 .text.__sinit  0x0008469c       0x60 c:/program files (x86)/atmel/studio/7.0/toolchain/arm/arm-gnu-toolchain/bin/../lib/gcc/arm-none-eabi/6.3.1/../../../../arm-none-eabi/lib/thumb/v7-m\libc.a(lib_a-findfp.o)
                0x0008469c                __sinit
 .text.__sfp_lock_acquire
                0x000846fc        0xc c:/program files (x86)/atmel/studio/7.0/toolchain/arm/arm-gnu-toolchain/bin/../lib/gcc/arm-none-eabi/6.3.1/../../../../arm-none-eabi/lib/thumb/v7-m\libc.a(lib_a-findfp.o)
                0x000846fc                __sfp_lock_acquire
 .text.__sfp_lock_release
                0x00084708        0xc c:/program files (x86)/atmel/studio/7.0/toolchain/arm/arm-gnu-toolchain/bin/../lib/gcc/arm-none-eabi/6.3.1/../../../../arm-none-eabi/lib/thumb/v7-m\libc.a(lib_a-findfp.o)
                0x00084708                __sfp_lock_release
 .text.__libc_fini_array
                0x00084714       0x34 c:/program files (x86)/atmel/studio/7.0/toolchain/arm/arm-gnu-toolchain/bin/../lib/gcc/arm-none-eabi/6.3.1/../../../../arm-none-eabi/lib/thumb/v7-m\libc.a(lib_a-fini.o)
                0x00084714                __libc_fini_array
 .text._malloc_trim_r
                0x00084748       0xa0 c:/program files (x86)/atmel/studio/7.0/toolchain/arm/arm-gnu-toolchain/bin/../lib/gcc/arm-none-eabi/6.3.1/../../../../arm-none-eabi/lib/thumb/v7-m\libc.a(lib_a-freer.o)
                0x00084748                _malloc_trim_r
 .text._free_r  0x000847e8      0x1cc c:/program files (x86)/atmel/studio/7.0/toolchain/arm/arm-gnu-toolchain/bin/../lib/gcc/arm-none-eabi/6.3.1/../../../../arm-none-eabi/lib/thumb/v7-m\libc.a(lib_a-freer.o)
                0x000847e8                _free_r
 .text.__sfvwrite_r
                0x000849b4      0x2f4 c:/program files (x86)/atmel/studio/7.0/toolchain/arm/arm-gnu-toolchain/bin/../lib/gcc/arm-none-eabi/6.3.1/../../../../arm-none-eabi/lib/thumb/v7-m\libc.a(lib_a-fvwrite.o)
                0x000849b4                __sfvwrite_r
 .text._fwalk_reent
                0x00084ca8       0x50 c:/program files (x86)/atmel/studio/7.0/toolchain/arm/arm-gnu-toolchain/bin/../lib/gcc/arm-none-eabi/6.3.1/../../../../arm-none-eabi/lib/thumb/v7-m\libc.a(lib_a-fwalk.o)
                0x00084ca8                _fwalk_reent
 .text._localeconv_r
                0x00084cf8       0x1c c:/program files (x86)/atmel/studio/7.0/toolchain/arm/arm-gnu-toolchain/bin/../lib/gcc/arm-none-eabi/6.3.1/../../../../arm-none-eabi/lib/thumb/v7-m\libc.a(lib_a-localeconv.o)
                0x00084cf8                _localeconv_r
 .text.__retarget_lock_init_recursive
                0x00084d14        0x4 c:/program files (x86)/atmel/studio/7.0/toolchain/arm/arm-gnu-toolchain/bin/../lib/gcc/arm-none-eabi/6.3.1/../../../../arm-none-eabi/lib/thumb/v7-m\libc.a(lib_a-lock.o)
                0x00084d14                __retarget_lock_init_recursive
 .text.__retarget_lock_close_recursive
                0x00084d18        0x4 c:/program files (x86)/atmel/studio/7.0/toolchain/arm/arm-gnu-toolchain/bin/../lib/gcc/arm-none-eabi/6.3.1/../../../../arm-none-eabi/lib/thumb/v7-m\libc.a(lib_a-lock.o)
                0x00084d18                __retarget_lock_close_recursive
 .text.__retarget_lock_acquire_recursive
                0x00084d1c        0x4 c:/program files (x86)/atmel/studio/7.0/toolchain/arm/arm-gnu-toolchain/bin/../lib/gcc/arm-none-eabi/6.3.1/../../../../arm-none-eabi/lib/thumb/v7-m\libc.a(lib_a-lock.o)
                0x00084d1c                __retarget_lock_acquire_recursive
 .text.__retarget_lock_release_recursive
                0x00084d20        0x4 c:/program files (x86)/atmel/studio/7.0/toolchain/arm/arm-gnu-toolchain/bin/../lib/gcc/arm-none-eabi/6.3.1/../../../../arm-none-eabi/lib/thumb/v7-m\libc.a(lib_a-lock.o)
                0x00084d20                __retarget_lock_release_recursive
 .text.__swhatbuf_r
                0x00084d24       0x5c c:/program files (x86)/atmel/studio/7.0/toolchain/arm/arm-gnu-toolchain/bin/../lib/gcc/arm-none-eabi/6.3.1/../../../../arm-none-eabi/lib/thumb/v7-m\libc.a(lib_a-makebuf.o)
                0x00084d24                __swhatbuf_r
 .text.__smakebuf_r
                0x00084d80       0x94 c:/program files (x86)/atmel/studio/7.0/toolchain/arm/arm-gnu-toolchain/bin/../lib/gcc/arm-none-eabi/6.3.1/../../../../arm-none-eabi/lib/thumb/v7-m\libc.a(lib_a-makebuf.o)
                0x00084d80                __smakebuf_r
 .text._malloc_r
                0x00084e14      0x544 c:/program files (x86)/atmel/studio/7.0/toolchain/arm/arm-gnu-toolchain/bin/../lib/gcc/arm-none-eabi/6.3.1/../../../../arm-none-eabi/lib/thumb/v7-m\libc.a(lib_a-mallocr.o)
                0x00084e14                _malloc_r
 .text.memchr   0x00085358       0x8c c:/program files (x86)/atmel/studio/7.0/toolchain/arm/arm-gnu-toolchain/bin/../lib/gcc/arm-none-eabi/6.3.1/../../../../arm-none-eabi/lib/thumb/v7-m\libc.a(lib_a-memchr-stub.o)
                0x00085358                memchr
 .text          0x000853e4       0xec c:/program files (x86)/atmel/studio/7.0/toolchain/arm/arm-gnu-toolchain/bin/../lib/gcc/arm-none-eabi/6.3.1/../../../../arm-none-eabi/lib/thumb/v7-m\libc.a(lib_a-memcpy.o)
                0x000853e4                memcpy
 .text.memmove  0x000854d0       0xc8 c:/program files (x86)/atmel/studio/7.0/toolchain/arm/arm-gnu-toolchain/bin/../lib/gcc/arm-none-eabi/6.3.1/../../../../arm-none-eabi/lib/thumb/v7-m\libc.a(lib_a-memmove.o)
                0x000854d0                memmove
 .text.__malloc_lock
                0x00085598        0xc c:/program files (x86)/atmel/studio/7.0/toolchain/arm/arm-gnu-toolchain/bin/../lib/gcc/arm-none-eabi/6.3.1/../../../../arm-none-eabi/lib/thumb/v7-m\libc.a(lib_a-mlock.o)
                0x00085598                __malloc_lock
 .text.__malloc_unlock
                0x000855a4        0xc c:/program files (x86)/atmel/studio/7.0/toolchain/arm/arm-gnu-toolchain/bin/../lib/gcc/arm-none-eabi/6.3.1/../../../../arm-none-eabi/lib/thumb/v7-m\libc.a(lib_a-mlock.o)
                0x000855a4                __malloc_unlock
 .text._Balloc  0x000855b0       0x4c c:/program files (x86)/atmel/studio/7.0/toolchain/arm/arm-gnu-toolchain/bin/../lib/gcc/arm-none-eabi/6.3.1/../../../../arm-none-eabi/lib/thumb/v7-m\libc.a(lib_a-mprec.o)
                0x000855b0                _Balloc
 .text._Bfree   0x000855fc       0x14 c:/program files (x86)/atmel/studio/7.0/toolchain/arm/arm-gnu-toolchain/bin/../lib/gcc/arm-none-eabi/6.3.1/../../../../arm-none-eabi/lib/thumb/v7-m\libc.a(lib_a-mprec.o)
                0x000855fc                _Bfree
 .text.__multadd
                0x00085610       0x84 c:/program files (x86)/atmel/studio/7.0/toolchain/arm/arm-gnu-toolchain/bin/../lib/gcc/arm-none-eabi/6.3.1/../../../../arm-none-eabi/lib/thumb/v7-m\libc.a(lib_a-mprec.o)
                0x00085610                __multadd
 .text.__hi0bits
                0x00085694       0x40 c:/program files (x86)/atmel/studio/7.0/toolchain/arm/arm-gnu-toolchain/bin/../lib/gcc/arm-none-eabi/6.3.1/../../../../arm-none-eabi/lib/thumb/v7-m\libc.a(lib_a-mprec.o)
                0x00085694                __hi0bits
 .text.__lo0bits
                0x000856d4       0x60 c:/program files (x86)/atmel/studio/7.0/toolchain/arm/arm-gnu-toolchain/bin/../lib/gcc/arm-none-eabi/6.3.1/../../../../arm-none-eabi/lib/thumb/v7-m\libc.a(lib_a-mprec.o)
                0x000856d4                __lo0bits
 .text.__i2b    0x00085734       0x14 c:/program files (x86)/atmel/studio/7.0/toolchain/arm/arm-gnu-toolchain/bin/../lib/gcc/arm-none-eabi/6.3.1/../../../../arm-none-eabi/lib/thumb/v7-m\libc.a(lib_a-mprec.o)
                0x00085734                __i2b
 .text.__multiply
                0x00085748      0x124 c:/program files (x86)/atmel/studio/7.0/toolchain/arm/arm-gnu-toolchain/bin/../lib/gcc/arm-none-eabi/6.3.1/../../../../arm-none-eabi/lib/thumb/v7-m\libc.a(lib_a-mprec.o)
                0x00085748                __multiply
 .text.__pow5mult
                0x0008586c       0xa0 c:/program files (x86)/atmel/studio/7.0/toolchain/arm/arm-gnu-toolchain/bin/../lib/gcc/arm-none-eabi/6.3.1/../../../../arm-none-eabi/lib/thumb/v7-m\libc.a(lib_a-mprec.o)
                0x0008586c                __pow5mult
 .text.__lshift
                0x0008590c       0xa0 c:/program files (x86)/atmel/studio/7.0/toolchain/arm/arm-gnu-toolchain/bin/../lib/gcc/arm-none-eabi/6.3.1/../../../../arm-none-eabi/lib/thumb/v7-m\libc.a(lib_a-mprec.o)
                0x0008590c                __lshift
 .text.__mcmp   0x000859ac       0x38 c:/program files (x86)/atmel/studio/7.0/toolchain/arm/arm-gnu-toolchain/bin/../lib/gcc/arm-none-eabi/6.3.1/../../../../arm-none-eabi/lib/thumb/v7-m\libc.a(lib_a-mprec.o)
                0x000859ac                __mcmp
 .text.__mdiff  0x000859e4      0x11c c:/program files (x86)/atmel/studio/7.0/toolchain/arm/arm-gnu-toolchain/bin/../lib/gcc/arm-none-eabi/6.3.1/../../../../arm-none-eabi/lib/thumb/v7-m\libc.a(lib_a-mprec.o)
                0x000859e4                __mdiff
 .text.__d2b    0x00085b00       0xa8 c:/program files (x86)/atmel/studio/7.0/toolchain/arm/arm-gnu-toolchain/bin/../lib/gcc/arm-none-eabi/6.3.1/../../../../arm-none-eabi/lib/thumb/v7-m\libc.a(lib_a-mprec.o)
                0x00085b00                __d2b
 .text._realloc_r
                0x00085ba8      0x36c c:/program files (x86)/atmel/studio/7.0/toolchain/arm/arm-gnu-toolchain/bin/../lib/gcc/arm-none-eabi/6.3.1/../../../../arm-none-eabi/lib/thumb/v7-m\libc.a(lib_a-reallocr.o)
                0x00085ba8                _realloc_r
 .text._sbrk_r  0x00085f14       0x24 c:/program files (x86)/atmel/studio/7.0/toolchain/arm/arm-gnu-toolchain/bin/../lib/gcc/arm-none-eabi/6.3.1/../../../../arm-none-eabi/lib/thumb/v7-m\libc.a(lib_a-sbrkr.o)
                0x00085f14                _sbrk_r
 .text.__sread  0x00085f38       0x24 c:/program files (x86)/atmel/studio/7.0/toolchain/arm/arm-gnu-toolchain/bin/../lib/gcc/arm-none-eabi/6.3.1/../../../../arm-none-eabi/lib/thumb/v7-m\libc.a(lib_a-stdio.o)
                0x00085f38                __sread
 .text.__swrite
                0x00085f5c       0x3c c:/program files (x86)/atmel/studio/7.0/toolchain/arm/arm-gnu-toolchain/bin/../lib/gcc/arm-none-eabi/6.3.1/../../../../arm-none-eabi/lib/thumb/v7-m\libc.a(lib_a-stdio.o)
                0x00085f5c                __swrite
 .text.__sseek  0x00085f98       0x20 c:/program files (x86)/atmel/studio/7.0/toolchain/arm/arm-gnu-toolchain/bin/../lib/gcc/arm-none-eabi/6.3.1/../../../../arm-none-eabi/lib/thumb/v7-m\libc.a(lib_a-stdio.o)
                0x00085f98                __sseek
 .text.__sclose
                0x00085fb8        0x8 c:/program files (x86)/atmel/studio/7.0/toolchain/arm/arm-gnu-toolchain/bin/../lib/gcc/arm-none-eabi/6.3.1/../../../../arm-none-eabi/lib/thumb/v7-m\libc.a(lib_a-stdio.o)
                0x00085fb8                __sclose
 .text.__sprint_r.part.0
                0x00085fc0       0x80 c:/program files (x86)/atmel/studio/7.0/toolchain/arm/arm-gnu-toolchain/bin/../lib/gcc/arm-none-eabi/6.3.1/../../../../arm-none-eabi/lib/thumb/v7-m\libc.a(lib_a-vfiprintf.o)
 .text.__sprint_r
                0x00086040       0x14 c:/program files (x86)/atmel/studio/7.0/toolchain/arm/arm-gnu-toolchain/bin/../lib/gcc/arm-none-eabi/6.3.1/../../../../arm-none-eabi/lib/thumb/v7-m\libc.a(lib_a-vfiprintf.o)
                0x00086040                __sprint_r
 .text._write_r
                0x00086054       0x2c c:/program files (x86)/atmel/studio/7.0/toolchain/arm/arm-gnu-toolchain/bin/../lib/gcc/arm-none-eabi/6.3.1/../../../../arm-none-eabi/lib/thumb/v7-m\libc.a(lib_a-writer.o)
                0x00086054                _write_r
 .text.__register_exitproc
                0x00086080       0xc4 c:/program files (x86)/atmel/studio/7.0/toolchain/arm/arm-gnu-toolchain/bin/../lib/gcc/arm-none-eabi/6.3.1/../../../../arm-none-eabi/lib/thumb/v7-m\libc.a(lib_a-__atexit.o)
                0x00086080                __register_exitproc
 .text._calloc_r
                0x00086144       0x60 c:/program files (x86)/atmel/studio/7.0/toolchain/arm/arm-gnu-toolchain/bin/../lib/gcc/arm-none-eabi/6.3.1/../../../../arm-none-eabi/lib/thumb/v7-m\libc.a(lib_a-callocr.o)
                0x00086144                _calloc_r
 .text._close_r
                0x000861a4       0x24 c:/program files (x86)/atmel/studio/7.0/toolchain/arm/arm-gnu-toolchain/bin/../lib/gcc/arm-none-eabi/6.3.1/../../../../arm-none-eabi/lib/thumb/v7-m\libc.a(lib_a-closer.o)
                0x000861a4                _close_r
 .text._fclose_r
                0x000861c8       0xc4 c:/program files (x86)/atmel/studio/7.0/toolchain/arm/arm-gnu-toolchain/bin/../lib/gcc/arm-none-eabi/6.3.1/../../../../arm-none-eabi/lib/thumb/v7-m\libc.a(lib_a-fclose.o)
                0x000861c8                _fclose_r
 .text.__fputwc
                0x0008628c       0x98 c:/program files (x86)/atmel/studio/7.0/toolchain/arm/arm-gnu-toolchain/bin/../lib/gcc/arm-none-eabi/6.3.1/../../../../arm-none-eabi/lib/thumb/v7-m\libc.a(lib_a-fputwc.o)
                0x0008628c                __fputwc
 .text._fputwc_r
                0x00086324       0x68 c:/program files (x86)/atmel/studio/7.0/toolchain/arm/arm-gnu-toolchain/bin/../lib/gcc/arm-none-eabi/6.3.1/../../../../arm-none-eabi/lib/thumb/v7-m\libc.a(lib_a-fputwc.o)
                0x00086324                _fputwc_r
 .text._fstat_r
                0x0008638c       0x28 c:/program files (x86)/atmel/studio/7.0/toolchain/arm/arm-gnu-toolchain/bin/../lib/gcc/arm-none-eabi/6.3.1/../../../../arm-none-eabi/lib/thumb/v7-m\libc.a(lib_a-fstatr.o)
                0x0008638c                _fstat_r
 .text._isatty_r
                0x000863b4       0x24 c:/program files (x86)/atmel/studio/7.0/toolchain/arm/arm-gnu-toolchain/bin/../lib/gcc/arm-none-eabi/6.3.1/../../../../arm-none-eabi/lib/thumb/v7-m\libc.a(lib_a-isattyr.o)
                0x000863b4                _isatty_r
 .text.__locale_mb_cur_max
                0x000863d8       0x1c c:/program files (x86)/atmel/studio/7.0/toolchain/arm/arm-gnu-toolchain/bin/../lib/gcc/arm-none-eabi/6.3.1/../../../../arm-none-eabi/lib/thumb/v7-m\libc.a(lib_a-locale.o)
                0x000863d8                __locale_mb_cur_max
 .text._lseek_r
                0x000863f4       0x2c c:/program files (x86)/atmel/studio/7.0/toolchain/arm/arm-gnu-toolchain/bin/../lib/gcc/arm-none-eabi/6.3.1/../../../../arm-none-eabi/lib/thumb/v7-m\libc.a(lib_a-lseekr.o)
                0x000863f4                _lseek_r
 .text.__ascii_mbtowc
                0x00086420       0x2c c:/program files (x86)/atmel/studio/7.0/toolchain/arm/arm-gnu-toolchain/bin/../lib/gcc/arm-none-eabi/6.3.1/../../../../arm-none-eabi/lib/thumb/v7-m\libc.a(lib_a-mbtowc_r.o)
                0x00086420                __ascii_mbtowc
 .text._read_r  0x0008644c       0x2c c:/program files (x86)/atmel/studio/7.0/toolchain/arm/arm-gnu-toolchain/bin/../lib/gcc/arm-none-eabi/6.3.1/../../../../arm-none-eabi/lib/thumb/v7-m\libc.a(lib_a-readr.o)
                0x0008644c                _read_r
 .text.__swbuf_r
                0x00086478       0xb0 c:/program files (x86)/atmel/studio/7.0/toolchain/arm/arm-gnu-toolchain/bin/../lib/gcc/arm-none-eabi/6.3.1/../../../../arm-none-eabi/lib/thumb/v7-m\libc.a(lib_a-wbuf.o)
                0x00086478                __swbuf_r
 .text._wcrtomb_r
                0x00086528       0x54 c:/program files (x86)/atmel/studio/7.0/toolchain/arm/arm-gnu-toolchain/bin/../lib/gcc/arm-none-eabi/6.3.1/../../../../arm-none-eabi/lib/thumb/v7-m\libc.a(lib_a-wcrtomb.o)
                0x00086528                _wcrtomb_r
 .text.__ascii_wctomb
                0x0008657c       0x18 c:/program files (x86)/atmel/studio/7.0/toolchain/arm/arm-gnu-toolchain/bin/../lib/gcc/arm-none-eabi/6.3.1/../../../../arm-none-eabi/lib/thumb/v7-m\libc.a(lib_a-wctomb_r.o)
                0x0008657c                __ascii_wctomb
 .text          0x00086594       0x2c c:/program files (x86)/atmel/studio/7.0/toolchain/arm/arm-gnu-toolchain/bin/../lib/gcc/arm-none-eabi/6.3.1/thumb/v7-m\libgcc.a(_arm_unorddf2.o)
                0x00086594                __unorddf2
                0x00086594                __aeabi_dcmpun
 .text          0x000865c0       0x50 c:/program files (x86)/atmel/studio/7.0/toolchain/arm/arm-gnu-toolchain/bin/../lib/gcc/arm-none-eabi/6.3.1/thumb/v7-m\libgcc.a(_arm_fixdfsi.o)
                0x000865c0                __aeabi_d2iz
                0x000865c0                __fixdfsi
 *(.glue_7t)
 .glue_7t       0x00086610        0x0 linker stubs
 *(.glue_7)
 .glue_7        0x00086610        0x0 linker stubs
 *(.rodata .rodata* .gnu.linkonce.r.*)
 .rodata.str1.4
                0x00086610       0x8f drivers/src/CAN.o
 *fill*         0x0008669f        0x1 
 .rodata.str1.4
                0x000866a0       0x19 drivers/src/UART.o
 *fill*         0x000866b9        0x3 
 .rodata.str1.4
                0x000866bc        0x9 main.o
 *fill*         0x000866c5        0x3 
 .rodata.str1.4
                0x000866c8       0x32 utils.o
 *fill*         0x000866fa        0x2 
 .rodata._global_impure_ptr
                0x000866fc        0x4 c:/program files (x86)/atmel/studio/7.0/toolchain/arm/arm-gnu-toolchain/bin/../lib/gcc/arm-none-eabi/6.3.1/../../../../arm-none-eabi/lib/thumb/v7-m\libc.a(lib_a-impure.o)
                0x000866fc                _global_impure_ptr
 .rodata._puts_r.str1.4
                0x00086700        0x2 c:/program files (x86)/atmel/studio/7.0/toolchain/arm/arm-gnu-toolchain/bin/../lib/gcc/arm-none-eabi/6.3.1/../../../../arm-none-eabi/lib/thumb/v7-m\libc.a(lib_a-puts.o)
 *fill*         0x00086702        0x2 
 .rodata._vfprintf_r.str1.4
                0x00086704       0x42 c:/program files (x86)/atmel/studio/7.0/toolchain/arm/arm-gnu-toolchain/bin/../lib/gcc/arm-none-eabi/6.3.1/../../../../arm-none-eabi/lib/thumb/v7-m\libc.a(lib_a-vfprintf.o)
 *fill*         0x00086746        0x2 
 .rodata.blanks.7238
                0x00086748       0x10 c:/program files (x86)/atmel/studio/7.0/toolchain/arm/arm-gnu-toolchain/bin/../lib/gcc/arm-none-eabi/6.3.1/../../../../arm-none-eabi/lib/thumb/v7-m\libc.a(lib_a-vfprintf.o)
 .rodata.zeroes.7239
                0x00086758       0x10 c:/program files (x86)/atmel/studio/7.0/toolchain/arm/arm-gnu-toolchain/bin/../lib/gcc/arm-none-eabi/6.3.1/../../../../arm-none-eabi/lib/thumb/v7-m\libc.a(lib_a-vfprintf.o)
 .rodata._dtoa_r.str1.4
                0x00086768       0x10 c:/program files (x86)/atmel/studio/7.0/toolchain/arm/arm-gnu-toolchain/bin/../lib/gcc/arm-none-eabi/6.3.1/../../../../arm-none-eabi/lib/thumb/v7-m\libc.a(lib_a-dtoa.o)
                                 0x12 (size before relaxing)
 .rodata.__mprec_bigtens
                0x00086778       0x28 c:/program files (x86)/atmel/studio/7.0/toolchain/arm/arm-gnu-toolchain/bin/../lib/gcc/arm-none-eabi/6.3.1/../../../../arm-none-eabi/lib/thumb/v7-m\libc.a(lib_a-mprec.o)
                0x00086778                __mprec_bigtens
 .rodata.__mprec_tens
                0x000867a0       0xc8 c:/program files (x86)/atmel/studio/7.0/toolchain/arm/arm-gnu-toolchain/bin/../lib/gcc/arm-none-eabi/6.3.1/../../../../arm-none-eabi/lib/thumb/v7-m\libc.a(lib_a-mprec.o)
                0x000867a0                __mprec_tens
 .rodata.p05.6055
                0x00086868        0xc c:/program files (x86)/atmel/studio/7.0/toolchain/arm/arm-gnu-toolchain/bin/../lib/gcc/arm-none-eabi/6.3.1/../../../../arm-none-eabi/lib/thumb/v7-m\libc.a(lib_a-mprec.o)
 .rodata._setlocale_r.str1.4
                0x00086874        0xa c:/program files (x86)/atmel/studio/7.0/toolchain/arm/arm-gnu-toolchain/bin/../lib/gcc/arm-none-eabi/6.3.1/../../../../arm-none-eabi/lib/thumb/v7-m\libc.a(lib_a-locale.o)
                                  0xd (size before relaxing)
 *fill*         0x0008687e        0x2 
 .rodata.str1.4
                0x00086880        0x4 c:/program files (x86)/atmel/studio/7.0/toolchain/arm/arm-gnu-toolchain/bin/../lib/gcc/arm-none-eabi/6.3.1/../../../../arm-none-eabi/lib/thumb/v7-m\libc.a(lib_a-locale.o)
                                  0x2 (size before relaxing)
 .rodata._ctype_
                0x00086884      0x101 c:/program files (x86)/atmel/studio/7.0/toolchain/arm/arm-gnu-toolchain/bin/../lib/gcc/arm-none-eabi/6.3.1/../../../../arm-none-eabi/lib/thumb/v7-m\libc.a(lib_a-ctype_.o)
                0x00086884                _ctype_
 *(.ARM.extab* .gnu.linkonce.armextab.*)
                0x00086988                . = ALIGN (0x4)
 *fill*         0x00086985        0x3 
 *(.init)
 .init          0x00086988        0x4 c:/program files (x86)/atmel/studio/7.0/toolchain/arm/arm-gnu-toolchain/bin/../lib/gcc/arm-none-eabi/6.3.1/thumb/v7-m/crti.o
                0x00086988                _init
 .init          0x0008698c        0x8 c:/program files (x86)/atmel/studio/7.0/toolchain/arm/arm-gnu-toolchain/bin/../lib/gcc/arm-none-eabi/6.3.1/thumb/v7-m/crtn.o
                0x00086994                . = ALIGN (0x4)
                0x00086994                __preinit_array_start = .
 *(.preinit_array)
                0x00086994                __preinit_array_end = .
                0x00086994                . = ALIGN (0x4)
                0x00086994                __init_array_start = .
 *(SORT(.init_array.*))
 .init_array.00000
                0x00086994        0x4 c:/program files (x86)/atmel/studio/7.0/toolchain/arm/arm-gnu-toolchain/bin/../lib/gcc/arm-none-eabi/6.3.1/../../../../arm-none-eabi/lib/thumb/v7-m\libc.a(lib_a-__call_atexit.o)
 *(.init_array)
 .init_array    0x00086998        0x4 c:/program files (x86)/atmel/studio/7.0/toolchain/arm/arm-gnu-toolchain/bin/../lib/gcc/arm-none-eabi/6.3.1/thumb/v7-m/crtbegin.o
 .init_array    0x0008699c        0x4 drivers/src/time.o
                0x000869a0                __init_array_end = .
                0x000869a0                . = ALIGN (0x4)
 *crtbegin.o(.ctors)
 *(EXCLUDE_FILE(*crtend.o) .ctors)
 *(SORT(.ctors.*))
 *crtend.o(.ctors)
                0x000869a0                . = ALIGN (0x4)
 *(.fini)
 .fini          0x000869a0        0x4 c:/program files (x86)/atmel/studio/7.0/toolchain/arm/arm-gnu-toolchain/bin/../lib/gcc/arm-none-eabi/6.3.1/thumb/v7-m/crti.o
                0x000869a0                _fini
 .fini          0x000869a4        0x8 c:/program files (x86)/atmel/studio/7.0/toolchain/arm/arm-gnu-toolchain/bin/../lib/gcc/arm-none-eabi/6.3.1/thumb/v7-m/crtn.o
                0x000869ac                . = ALIGN (0x4)
                0x000869ac                __fini_array_start = .
 *(.fini_array)
 .fini_array    0x000869ac        0x4 c:/program files (x86)/atmel/studio/7.0/toolchain/arm/arm-gnu-toolchain/bin/../lib/gcc/arm-none-eabi/6.3.1/thumb/v7-m/crtbegin.o
 *(SORT(.fini_array.*))
                0x000869b0                __fini_array_end = .
 *crtbegin.o(.dtors)
 *(EXCLUDE_FILE(*crtend.o) .dtors)
 *(SORT(.dtors.*))
 *crtend.o(.dtors)
                0x000869b0                . = ALIGN (0x4)
                0x000869b0                _efixed = .
                [!provide]                PROVIDE (__exidx_start, .)

.vfp11_veneer   0x000869b0        0x0
 .vfp11_veneer  0x000869b0        0x0 linker stubs

.v4_bx          0x000869b0        0x0
 .v4_bx         0x000869b0        0x0 linker stubs

.iplt           0x000869b0        0x0
 .iplt          0x000869b0        0x0 c:/program files (x86)/atmel/studio/7.0/toolchain/arm/arm-gnu-toolchain/bin/../lib/gcc/arm-none-eabi/6.3.1/thumb/v7-m/crtbegin.o

.ARM.exidx      0x000869b0        0x8
 *(.ARM.exidx* .gnu.linkonce.armexidx.*)
 .ARM.exidx     0x000869b0        0x8 c:/program files (x86)/atmel/studio/7.0/toolchain/arm/arm-gnu-toolchain/bin/../lib/gcc/arm-none-eabi/6.3.1/thumb/v7-m\libgcc.a(_udivmoddi4.o)
                [!provide]                PROVIDE (__exidx_end, .)

.eh_frame       0x000869b8        0x0
 .eh_frame      0x000869b8        0x0 c:/program files (x86)/atmel/studio/7.0/toolchain/arm/arm-gnu-toolchain/bin/../lib/gcc/arm-none-eabi/6.3.1/thumb/v7-m/crtbegin.o

.rel.dyn        0x000869b8        0x0
 .rel.iplt      0x000869b8        0x0 c:/program files (x86)/atmel/studio/7.0/toolchain/arm/arm-gnu-toolchain/bin/../lib/gcc/arm-none-eabi/6.3.1/thumb/v7-m/crtbegin.o

.jcr            0x000869b8        0x0
 .jcr           0x000869b8        0x0 c:/program files (x86)/atmel/studio/7.0/toolchain/arm/arm-gnu-toolchain/bin/../lib/gcc/arm-none-eabi/6.3.1/thumb/v7-m/crtbegin.o

.igot.plt       0x000869b8        0x0
 .igot.plt      0x000869b8        0x0 c:/program files (x86)/atmel/studio/7.0/toolchain/arm/arm-gnu-toolchain/bin/../lib/gcc/arm-none-eabi/6.3.1/thumb/v7-m/crtbegin.o
                0x000869b8                . = ALIGN (0x4)
                0x000869b8                _etext = .

.relocate       0x20000000      0x9b8 load address 0x000869b8
                0x20000000                . = ALIGN (0x4)
                0x20000000                _srelocate = .
 *(.ramfunc .ramfunc.*)
 *(.data .data.*)
 .data          0x20000000        0x4 Device_Startup/system_sam3xa.o
                0x20000000                SystemCoreClock
 .data          0x20000004        0x8 drivers/src/ADC.o
                0x20000004                GOAL_TIME_TRESHOLD
 .data._impure_ptr
                0x2000000c        0x4 c:/program files (x86)/atmel/studio/7.0/toolchain/arm/arm-gnu-toolchain/bin/../lib/gcc/arm-none-eabi/6.3.1/../../../../arm-none-eabi/lib/thumb/v7-m\libc.a(lib_a-impure.o)
                0x2000000c                _impure_ptr
 .data.impure_data
                0x20000010      0x428 c:/program files (x86)/atmel/studio/7.0/toolchain/arm/arm-gnu-toolchain/bin/../lib/gcc/arm-none-eabi/6.3.1/../../../../arm-none-eabi/lib/thumb/v7-m\libc.a(lib_a-impure.o)
 .data.__atexit_recursive_mutex
                0x20000438        0x4 c:/program files (x86)/atmel/studio/7.0/toolchain/arm/arm-gnu-toolchain/bin/../lib/gcc/arm-none-eabi/6.3.1/../../../../arm-none-eabi/lib/thumb/v7-m\libc.a(lib_a-__call_atexit.o)
                0x20000438                __atexit_recursive_mutex
 .data.__malloc_av_
                0x2000043c      0x408 c:/program files (x86)/atmel/studio/7.0/toolchain/arm/arm-gnu-toolchain/bin/../lib/gcc/arm-none-eabi/6.3.1/../../../../arm-none-eabi/lib/thumb/v7-m\libc.a(lib_a-mallocr.o)
                0x2000043c                __malloc_av_
 .data.__malloc_sbrk_base
                0x20000844        0x4 c:/program files (x86)/atmel/studio/7.0/toolchain/arm/arm-gnu-toolchain/bin/../lib/gcc/arm-none-eabi/6.3.1/../../../../arm-none-eabi/lib/thumb/v7-m\libc.a(lib_a-mallocr.o)
                0x20000844                __malloc_sbrk_base
 .data.__malloc_trim_threshold
                0x20000848        0x4 c:/program files (x86)/atmel/studio/7.0/toolchain/arm/arm-gnu-toolchain/bin/../lib/gcc/arm-none-eabi/6.3.1/../../../../arm-none-eabi/lib/thumb/v7-m\libc.a(lib_a-mallocr.o)
                0x20000848                __malloc_trim_threshold
 .data.__global_locale
                0x2000084c      0x16c c:/program files (x86)/atmel/studio/7.0/toolchain/arm/arm-gnu-toolchain/bin/../lib/gcc/arm-none-eabi/6.3.1/../../../../arm-none-eabi/lib/thumb/v7-m\libc.a(lib_a-locale.o)
                0x2000084c                __global_locale
                0x200009b8                . = ALIGN (0x4)
                0x200009b8                _erelocate = .

.bss            0x200009b8      0x4d4 load address 0x00087370
                0x200009b8                . = ALIGN (0x4)
                0x200009b8                _sbss = .
                0x200009b8                _szero = .
 *(.bss .bss.*)
 .bss           0x200009b8       0x1c c:/program files (x86)/atmel/studio/7.0/toolchain/arm/arm-gnu-toolchain/bin/../lib/gcc/arm-none-eabi/6.3.1/thumb/v7-m/crtbegin.o
 *fill*         0x200009d4        0x4 
 .bss           0x200009d8       0x10 drivers/src/PID.o
                0x200009d8                e_past
                0x200009e0                e_accum
 .bss           0x200009e8        0x8 drivers/src/time.o
 .bss           0x200009f0      0x414 drivers/src/UART.o
                0x200009f0                ringBuf
 .bss           0x20000e04        0x2 main.o
                0x20000e04                gameloop
                0x20000e05                do_calib
 *fill*         0x20000e06        0x2 
 .bss.__malloc_current_mallinfo
                0x20000e08       0x28 c:/program files (x86)/atmel/studio/7.0/toolchain/arm/arm-gnu-toolchain/bin/../lib/gcc/arm-none-eabi/6.3.1/../../../../arm-none-eabi/lib/thumb/v7-m\libc.a(lib_a-mallocr.o)
                0x20000e08                __malloc_current_mallinfo
 .bss.__malloc_max_sbrked_mem
                0x20000e30        0x4 c:/program files (x86)/atmel/studio/7.0/toolchain/arm/arm-gnu-toolchain/bin/../lib/gcc/arm-none-eabi/6.3.1/../../../../arm-none-eabi/lib/thumb/v7-m\libc.a(lib_a-mallocr.o)
                0x20000e30                __malloc_max_sbrked_mem
 .bss.__malloc_max_total_mem
                0x20000e34        0x4 c:/program files (x86)/atmel/studio/7.0/toolchain/arm/arm-gnu-toolchain/bin/../lib/gcc/arm-none-eabi/6.3.1/../../../../arm-none-eabi/lib/thumb/v7-m\libc.a(lib_a-mallocr.o)
                0x20000e34                __malloc_max_total_mem
 .bss.__malloc_top_pad
                0x20000e38        0x4 c:/program files (x86)/atmel/studio/7.0/toolchain/arm/arm-gnu-toolchain/bin/../lib/gcc/arm-none-eabi/6.3.1/../../../../arm-none-eabi/lib/thumb/v7-m\libc.a(lib_a-mallocr.o)
                0x20000e38                __malloc_top_pad
 *(COMMON)
 COMMON         0x20000e3c        0x8 drivers/src/ADC.o
                0x20000e3c                last_time
 *fill*         0x20000e44        0x4 
 COMMON         0x20000e48        0x8 drivers/src/time.o
                0x20000e48                calib
 COMMON         0x20000e50       0x14 main.o
                0x20000e50                controller
                0x20000e58                ENCODER_MIN
                0x20000e5a                ENCODER_RANGE
                0x20000e5c                joy_pos_rec
                0x20000e62                ENCODER_MAX
 COMMON         0x20000e64       0x21 c:/program files (x86)/atmel/studio/7.0/toolchain/arm/arm-gnu-toolchain/bin/../lib/gcc/arm-none-eabi/6.3.1/../../../../arm-none-eabi/lib/thumb/v7-m\libc.a(lib_a-lock.o)
                0x20000e64                __lock___atexit_recursive_mutex
                0x20000e68                __lock___arc4random_mutex
                0x20000e6c                __lock___env_recursive_mutex
                0x20000e70                __lock___sinit_recursive_mutex
                0x20000e74                __lock___malloc_recursive_mutex
                0x20000e78                __lock___at_quick_exit_mutex
                0x20000e7c                __lock___dd_hash_mutex
                0x20000e80                __lock___tz_mutex
                0x20000e84                __lock___sfp_recursive_mutex
 *fill*         0x20000e85        0x3 
 COMMON         0x20000e88        0x4 c:/program files (x86)/atmel/studio/7.0/toolchain/arm/arm-gnu-toolchain/bin/../lib/gcc/arm-none-eabi/6.3.1/../../../../arm-none-eabi/lib/thumb/v7-m\libc.a(lib_a-reent.o)
                0x20000e88                errno
                0x20000e8c                . = ALIGN (0x4)
                0x20000e8c                _ebss = .
                0x20000e8c                _ezero = .

.stack          0x20000e8c      0x404 load address 0x00087844
                0x20000e90                . = ALIGN (0x8)
 *fill*         0x20000e8c        0x4 
                0x20000e90                _sstack = .
                0x20001290                . = (. + STACK_SIZE)
 *fill*         0x20000e90      0x400 
                0x20001290                . = ALIGN (0x8)
                0x20001290                _estack = .

.heap           0x20001290      0x200 load address 0x00087c48
                0x20001290                . = ALIGN (0x8)
                0x20001290                _sheap = .
                0x20001490                . = (. + HEAP_SIZE)
 *fill*         0x20001290      0x200 
                0x20001490                . = ALIGN (0x8)
                0x20001490                _eheap = .
                0x20001490                . = ALIGN (0x4)
                0x20001490                _end = .
                0x20017fff                _ram_end_ = ((ORIGIN (ram) + LENGTH (ram)) - 0x1)
OUTPUT(node2.elf elf32-littlearm)

.ARM.attributes
                0x00000000       0x29
 .ARM.attributes
                0x00000000       0x1d c:/program files (x86)/atmel/studio/7.0/toolchain/arm/arm-gnu-toolchain/bin/../lib/gcc/arm-none-eabi/6.3.1/thumb/v7-m/crti.o
 .ARM.attributes
                0x0000001d       0x2d c:/program files (x86)/atmel/studio/7.0/toolchain/arm/arm-gnu-toolchain/bin/../lib/gcc/arm-none-eabi/6.3.1/thumb/v7-m/crtbegin.o
 .ARM.attributes
                0x0000004a       0x33 Device_Startup/startup_sam3xa.o
 .ARM.attributes
                0x0000007d       0x33 Device_Startup/system_sam3xa.o
 .ARM.attributes
                0x000000b0       0x33 drivers/src/ADC.o
 .ARM.attributes
                0x000000e3       0x33 drivers/src/CAN.o
 .ARM.attributes
                0x00000116       0x33 drivers/src/motor.o
 .ARM.attributes
                0x00000149       0x33 drivers/src/solenoid.o
 .ARM.attributes
                0x0000017c       0x33 drivers/src/encoder.o
 .ARM.attributes
                0x000001af       0x33 drivers/src/PID.o
 .ARM.attributes
                0x000001e2       0x33 drivers/src/PWM.o
 .ARM.attributes
                0x00000215       0x33 drivers/src/time.o
 .ARM.attributes
                0x00000248       0x33 drivers/src/UART.o
 .ARM.attributes
                0x0000027b       0x33 main.o
 .ARM.attributes
                0x000002ae       0x33 utils.o
 .ARM.attributes
                0x000002e1       0x1d c:/program files (x86)/atmel/studio/7.0/toolchain/arm/arm-gnu-toolchain/bin/../lib/gcc/arm-none-eabi/6.3.1/thumb/v7-m\libgcc.a(_arm_addsubdf3.o)
 .ARM.attributes
                0x000002fe       0x1d c:/program files (x86)/atmel/studio/7.0/toolchain/arm/arm-gnu-toolchain/bin/../lib/gcc/arm-none-eabi/6.3.1/thumb/v7-m\libgcc.a(_arm_muldivdf3.o)
 .ARM.attributes
                0x0000031b       0x1d c:/program files (x86)/atmel/studio/7.0/toolchain/arm/arm-gnu-toolchain/bin/../lib/gcc/arm-none-eabi/6.3.1/thumb/v7-m\libgcc.a(_aeabi_uldivmod.o)
 .ARM.attributes
                0x00000338       0x2d c:/program files (x86)/atmel/studio/7.0/toolchain/arm/arm-gnu-toolchain/bin/../lib/gcc/arm-none-eabi/6.3.1/thumb/v7-m\libgcc.a(_fixdfdi.o)
 .ARM.attributes
                0x00000365       0x2d c:/program files (x86)/atmel/studio/7.0/toolchain/arm/arm-gnu-toolchain/bin/../lib/gcc/arm-none-eabi/6.3.1/thumb/v7-m\libgcc.a(_fixunsdfdi.o)
 .ARM.attributes
                0x00000392       0x2d c:/program files (x86)/atmel/studio/7.0/toolchain/arm/arm-gnu-toolchain/bin/../lib/gcc/arm-none-eabi/6.3.1/thumb/v7-m\libgcc.a(_udivmoddi4.o)
 .ARM.attributes
                0x000003bf       0x1d c:/program files (x86)/atmel/studio/7.0/toolchain/arm/arm-gnu-toolchain/bin/../lib/gcc/arm-none-eabi/6.3.1/thumb/v7-m\libgcc.a(_dvmd_tls.o)
 .ARM.attributes
                0x000003dc       0x1d c:/program files (x86)/atmel/studio/7.0/toolchain/arm/arm-gnu-toolchain/bin/../lib/gcc/arm-none-eabi/6.3.1/thumb/v7-m\libgcc.a(_arm_cmpdf2.o)
 .ARM.attributes
                0x000003f9       0x1d c:/program files (x86)/atmel/studio/7.0/toolchain/arm/arm-gnu-toolchain/bin/../lib/gcc/arm-none-eabi/6.3.1/thumb/v7-m\libgcc.a(_arm_fixunsdfsi.o)
 .ARM.attributes
                0x00000416       0x2d c:/program files (x86)/atmel/studio/7.0/toolchain/arm/arm-gnu-toolchain/bin/../lib/gcc/arm-none-eabi/6.3.1/../../../../arm-none-eabi/lib/thumb/v7-m\libc.a(lib_a-impure.o)
 .ARM.attributes
                0x00000443       0x2d c:/program files (x86)/atmel/studio/7.0/toolchain/arm/arm-gnu-toolchain/bin/../lib/gcc/arm-none-eabi/6.3.1/../../../../arm-none-eabi/lib/thumb/v7-m\libc.a(lib_a-init.o)
 .ARM.attributes
                0x00000470       0x2d c:/program files (x86)/atmel/studio/7.0/toolchain/arm/arm-gnu-toolchain/bin/../lib/gcc/arm-none-eabi/6.3.1/../../../../arm-none-eabi/lib/thumb/v7-m\libc.a(lib_a-memset.o)
 .ARM.attributes
                0x0000049d       0x2d c:/program files (x86)/atmel/studio/7.0/toolchain/arm/arm-gnu-toolchain/bin/../lib/gcc/arm-none-eabi/6.3.1/../../../../arm-none-eabi/lib/thumb/v7-m\libc.a(lib_a-printf.o)
 .ARM.attributes
                0x000004ca       0x2d c:/program files (x86)/atmel/studio/7.0/toolchain/arm/arm-gnu-toolchain/bin/../lib/gcc/arm-none-eabi/6.3.1/../../../../arm-none-eabi/lib/thumb/v7-m\libc.a(lib_a-puts.o)
 .ARM.attributes
                0x000004f7       0x2d c:/program files (x86)/atmel/studio/7.0/toolchain/arm/arm-gnu-toolchain/bin/../lib/gcc/arm-none-eabi/6.3.1/../../../../arm-none-eabi/lib/thumb/v7-m\libc.a(lib_a-strlen-stub.o)
 .ARM.attributes
                0x00000524       0x2d c:/program files (x86)/atmel/studio/7.0/toolchain/arm/arm-gnu-toolchain/bin/../lib/gcc/arm-none-eabi/6.3.1/../../../../arm-none-eabi/lib/thumb/v7-m\libc.a(lib_a-vfprintf.o)
 .ARM.attributes
                0x00000551       0x2d c:/program files (x86)/atmel/studio/7.0/toolchain/arm/arm-gnu-toolchain/bin/../lib/gcc/arm-none-eabi/6.3.1/../../../../arm-none-eabi/lib/thumb/v7-m\libc.a(lib_a-wsetup.o)
 .ARM.attributes
                0x0000057e       0x2d c:/program files (x86)/atmel/studio/7.0/toolchain/arm/arm-gnu-toolchain/bin/../lib/gcc/arm-none-eabi/6.3.1/../../../../arm-none-eabi/lib/thumb/v7-m\libc.a(lib_a-__call_atexit.o)
 .ARM.attributes
                0x000005ab       0x2d c:/program files (x86)/atmel/studio/7.0/toolchain/arm/arm-gnu-toolchain/bin/../lib/gcc/arm-none-eabi/6.3.1/../../../../arm-none-eabi/lib/thumb/v7-m\libc.a(lib_a-atexit.o)
 .ARM.attributes
                0x000005d8       0x2d c:/program files (x86)/atmel/studio/7.0/toolchain/arm/arm-gnu-toolchain/bin/../lib/gcc/arm-none-eabi/6.3.1/../../../../arm-none-eabi/lib/thumb/v7-m\libc.a(lib_a-dtoa.o)
 .ARM.attributes
                0x00000605       0x2d c:/program files (x86)/atmel/studio/7.0/toolchain/arm/arm-gnu-toolchain/bin/../lib/gcc/arm-none-eabi/6.3.1/../../../../arm-none-eabi/lib/thumb/v7-m\libc.a(lib_a-fflush.o)
 .ARM.attributes
                0x00000632       0x2d c:/program files (x86)/atmel/studio/7.0/toolchain/arm/arm-gnu-toolchain/bin/../lib/gcc/arm-none-eabi/6.3.1/../../../../arm-none-eabi/lib/thumb/v7-m\libc.a(lib_a-findfp.o)
 .ARM.attributes
                0x0000065f       0x2d c:/program files (x86)/atmel/studio/7.0/toolchain/arm/arm-gnu-toolchain/bin/../lib/gcc/arm-none-eabi/6.3.1/../../../../arm-none-eabi/lib/thumb/v7-m\libc.a(lib_a-fini.o)
 .ARM.attributes
                0x0000068c       0x2d c:/program files (x86)/atmel/studio/7.0/toolchain/arm/arm-gnu-toolchain/bin/../lib/gcc/arm-none-eabi/6.3.1/../../../../arm-none-eabi/lib/thumb/v7-m\libc.a(lib_a-freer.o)
 .ARM.attributes
                0x000006b9       0x2d c:/program files (x86)/atmel/studio/7.0/toolchain/arm/arm-gnu-toolchain/bin/../lib/gcc/arm-none-eabi/6.3.1/../../../../arm-none-eabi/lib/thumb/v7-m\libc.a(lib_a-fvwrite.o)
 .ARM.attributes
                0x000006e6       0x2d c:/program files (x86)/atmel/studio/7.0/toolchain/arm/arm-gnu-toolchain/bin/../lib/gcc/arm-none-eabi/6.3.1/../../../../arm-none-eabi/lib/thumb/v7-m\libc.a(lib_a-fwalk.o)
 .ARM.attributes
                0x00000713       0x2d c:/program files (x86)/atmel/studio/7.0/toolchain/arm/arm-gnu-toolchain/bin/../lib/gcc/arm-none-eabi/6.3.1/../../../../arm-none-eabi/lib/thumb/v7-m\libc.a(lib_a-localeconv.o)
 .ARM.attributes
                0x00000740       0x2d c:/program files (x86)/atmel/studio/7.0/toolchain/arm/arm-gnu-toolchain/bin/../lib/gcc/arm-none-eabi/6.3.1/../../../../arm-none-eabi/lib/thumb/v7-m\libc.a(lib_a-lock.o)
 .ARM.attributes
                0x0000076d       0x2d c:/program files (x86)/atmel/studio/7.0/toolchain/arm/arm-gnu-toolchain/bin/../lib/gcc/arm-none-eabi/6.3.1/../../../../arm-none-eabi/lib/thumb/v7-m\libc.a(lib_a-makebuf.o)
 .ARM.attributes
                0x0000079a       0x2d c:/program files (x86)/atmel/studio/7.0/toolchain/arm/arm-gnu-toolchain/bin/../lib/gcc/arm-none-eabi/6.3.1/../../../../arm-none-eabi/lib/thumb/v7-m\libc.a(lib_a-mallocr.o)
 .ARM.attributes
                0x000007c7       0x2d c:/program files (x86)/atmel/studio/7.0/toolchain/arm/arm-gnu-toolchain/bin/../lib/gcc/arm-none-eabi/6.3.1/../../../../arm-none-eabi/lib/thumb/v7-m\libc.a(lib_a-memchr-stub.o)
 .ARM.attributes
                0x000007f4       0x1b c:/program files (x86)/atmel/studio/7.0/toolchain/arm/arm-gnu-toolchain/bin/../lib/gcc/arm-none-eabi/6.3.1/../../../../arm-none-eabi/lib/thumb/v7-m\libc.a(lib_a-memcpy.o)
 .ARM.attributes
                0x0000080f       0x2d c:/program files (x86)/atmel/studio/7.0/toolchain/arm/arm-gnu-toolchain/bin/../lib/gcc/arm-none-eabi/6.3.1/../../../../arm-none-eabi/lib/thumb/v7-m\libc.a(lib_a-memmove.o)
 .ARM.attributes
                0x0000083c       0x2d c:/program files (x86)/atmel/studio/7.0/toolchain/arm/arm-gnu-toolchain/bin/../lib/gcc/arm-none-eabi/6.3.1/../../../../arm-none-eabi/lib/thumb/v7-m\libc.a(lib_a-mlock.o)
 .ARM.attributes
                0x00000869       0x2d c:/program files (x86)/atmel/studio/7.0/toolchain/arm/arm-gnu-toolchain/bin/../lib/gcc/arm-none-eabi/6.3.1/../../../../arm-none-eabi/lib/thumb/v7-m\libc.a(lib_a-mprec.o)
 .ARM.attributes
                0x00000896       0x2d c:/program files (x86)/atmel/studio/7.0/toolchain/arm/arm-gnu-toolchain/bin/../lib/gcc/arm-none-eabi/6.3.1/../../../../arm-none-eabi/lib/thumb/v7-m\libc.a(lib_a-reallocr.o)
 .ARM.attributes
                0x000008c3       0x2d c:/program files (x86)/atmel/studio/7.0/toolchain/arm/arm-gnu-toolchain/bin/../lib/gcc/arm-none-eabi/6.3.1/../../../../arm-none-eabi/lib/thumb/v7-m\libc.a(lib_a-sbrkr.o)
 .ARM.attributes
                0x000008f0       0x2d c:/program files (x86)/atmel/studio/7.0/toolchain/arm/arm-gnu-toolchain/bin/../lib/gcc/arm-none-eabi/6.3.1/../../../../arm-none-eabi/lib/thumb/v7-m\libc.a(lib_a-stdio.o)
 .ARM.attributes
                0x0000091d       0x2d c:/program files (x86)/atmel/studio/7.0/toolchain/arm/arm-gnu-toolchain/bin/../lib/gcc/arm-none-eabi/6.3.1/../../../../arm-none-eabi/lib/thumb/v7-m\libc.a(lib_a-vfiprintf.o)
 .ARM.attributes
                0x0000094a       0x2d c:/program files (x86)/atmel/studio/7.0/toolchain/arm/arm-gnu-toolchain/bin/../lib/gcc/arm-none-eabi/6.3.1/../../../../arm-none-eabi/lib/thumb/v7-m\libc.a(lib_a-writer.o)
 .ARM.attributes
                0x00000977       0x2d c:/program files (x86)/atmel/studio/7.0/toolchain/arm/arm-gnu-toolchain/bin/../lib/gcc/arm-none-eabi/6.3.1/../../../../arm-none-eabi/lib/thumb/v7-m\libc.a(lib_a-__atexit.o)
 .ARM.attributes
                0x000009a4       0x2d c:/program files (x86)/atmel/studio/7.0/toolchain/arm/arm-gnu-toolchain/bin/../lib/gcc/arm-none-eabi/6.3.1/../../../../arm-none-eabi/lib/thumb/v7-m\libc.a(lib_a-callocr.o)
 .ARM.attributes
                0x000009d1       0x2d c:/program files (x86)/atmel/studio/7.0/toolchain/arm/arm-gnu-toolchain/bin/../lib/gcc/arm-none-eabi/6.3.1/../../../../arm-none-eabi/lib/thumb/v7-m\libc.a(lib_a-closer.o)
 .ARM.attributes
                0x000009fe       0x2d c:/program files (x86)/atmel/studio/7.0/toolchain/arm/arm-gnu-toolchain/bin/../lib/gcc/arm-none-eabi/6.3.1/../../../../arm-none-eabi/lib/thumb/v7-m\libc.a(lib_a-fclose.o)
 .ARM.attributes
                0x00000a2b       0x2d c:/program files (x86)/atmel/studio/7.0/toolchain/arm/arm-gnu-toolchain/bin/../lib/gcc/arm-none-eabi/6.3.1/../../../../arm-none-eabi/lib/thumb/v7-m\libc.a(lib_a-fputwc.o)
 .ARM.attributes
                0x00000a58       0x2d c:/program files (x86)/atmel/studio/7.0/toolchain/arm/arm-gnu-toolchain/bin/../lib/gcc/arm-none-eabi/6.3.1/../../../../arm-none-eabi/lib/thumb/v7-m\libc.a(lib_a-fstatr.o)
 .ARM.attributes
                0x00000a85       0x2d c:/program files (x86)/atmel/studio/7.0/toolchain/arm/arm-gnu-toolchain/bin/../lib/gcc/arm-none-eabi/6.3.1/../../../../arm-none-eabi/lib/thumb/v7-m\libc.a(lib_a-isattyr.o)
 .ARM.attributes
                0x00000ab2       0x2d c:/program files (x86)/atmel/studio/7.0/toolchain/arm/arm-gnu-toolchain/bin/../lib/gcc/arm-none-eabi/6.3.1/../../../../arm-none-eabi/lib/thumb/v7-m\libc.a(lib_a-locale.o)
 .ARM.attributes
                0x00000adf       0x2d c:/program files (x86)/atmel/studio/7.0/toolchain/arm/arm-gnu-toolchain/bin/../lib/gcc/arm-none-eabi/6.3.1/../../../../arm-none-eabi/lib/thumb/v7-m\libc.a(lib_a-lseekr.o)
 .ARM.attributes
                0x00000b0c       0x2d c:/program files (x86)/atmel/studio/7.0/toolchain/arm/arm-gnu-toolchain/bin/../lib/gcc/arm-none-eabi/6.3.1/../../../../arm-none-eabi/lib/thumb/v7-m\libc.a(lib_a-mbtowc_r.o)
 .ARM.attributes
                0x00000b39       0x2d c:/program files (x86)/atmel/studio/7.0/toolchain/arm/arm-gnu-toolchain/bin/../lib/gcc/arm-none-eabi/6.3.1/../../../../arm-none-eabi/lib/thumb/v7-m\libc.a(lib_a-readr.o)
 .ARM.attributes
                0x00000b66       0x2d c:/program files (x86)/atmel/studio/7.0/toolchain/arm/arm-gnu-toolchain/bin/../lib/gcc/arm-none-eabi/6.3.1/../../../../arm-none-eabi/lib/thumb/v7-m\libc.a(lib_a-reent.o)
 .ARM.attributes
                0x00000b93       0x2d c:/program files (x86)/atmel/studio/7.0/toolchain/arm/arm-gnu-toolchain/bin/../lib/gcc/arm-none-eabi/6.3.1/../../../../arm-none-eabi/lib/thumb/v7-m\libc.a(lib_a-wbuf.o)
 .ARM.attributes
                0x00000bc0       0x2d c:/program files (x86)/atmel/studio/7.0/toolchain/arm/arm-gnu-toolchain/bin/../lib/gcc/arm-none-eabi/6.3.1/../../../../arm-none-eabi/lib/thumb/v7-m\libc.a(lib_a-wcrtomb.o)
 .ARM.attributes
                0x00000bed       0x2d c:/program files (x86)/atmel/studio/7.0/toolchain/arm/arm-gnu-toolchain/bin/../lib/gcc/arm-none-eabi/6.3.1/../../../../arm-none-eabi/lib/thumb/v7-m\libc.a(lib_a-wctomb_r.o)
 .ARM.attributes
                0x00000c1a       0x2d c:/program files (x86)/atmel/studio/7.0/toolchain/arm/arm-gnu-toolchain/bin/../lib/gcc/arm-none-eabi/6.3.1/../../../../arm-none-eabi/lib/thumb/v7-m\libc.a(lib_a-ctype_.o)
 .ARM.attributes
                0x00000c47       0x1d c:/program files (x86)/atmel/studio/7.0/toolchain/arm/arm-gnu-toolchain/bin/../lib/gcc/arm-none-eabi/6.3.1/thumb/v7-m\libgcc.a(_arm_unorddf2.o)
 .ARM.attributes
                0x00000c64       0x1d c:/program files (x86)/atmel/studio/7.0/toolchain/arm/arm-gnu-toolchain/bin/../lib/gcc/arm-none-eabi/6.3.1/thumb/v7-m\libgcc.a(_arm_fixdfsi.o)
 .ARM.attributes
                0x00000c81       0x1d c:/program files (x86)/atmel/studio/7.0/toolchain/arm/arm-gnu-toolchain/bin/../lib/gcc/arm-none-eabi/6.3.1/thumb/v7-m/crtn.o

.comment        0x00000000       0x59
 .comment       0x00000000       0x59 Device_Startup/startup_sam3xa.o
                                 0x5a (size before relaxing)
 .comment       0x00000059       0x5a Device_Startup/system_sam3xa.o
 .comment       0x00000059       0x5a drivers/src/ADC.o
 .comment       0x00000059       0x5a drivers/src/CAN.o
 .comment       0x00000059       0x5a drivers/src/motor.o
 .comment       0x00000059       0x5a drivers/src/solenoid.o
 .comment       0x00000059       0x5a drivers/src/encoder.o
 .comment       0x00000059       0x5a drivers/src/PID.o
 .comment       0x00000059       0x5a drivers/src/PWM.o
 .comment       0x00000059       0x5a drivers/src/time.o
 .comment       0x00000059       0x5a drivers/src/UART.o
 .comment       0x00000059       0x5a main.o
 .comment       0x00000059       0x5a utils.o

.debug_info     0x00000000     0xcd51
 .debug_info    0x00000000      0x74e Device_Startup/startup_sam3xa.o
 .debug_info    0x0000074e      0x444 Device_Startup/system_sam3xa.o
 .debug_info    0x00000b92     0x13f7 drivers/src/ADC.o
 .debug_info    0x00001f89     0x1a3f drivers/src/CAN.o
 .debug_info    0x000039c8     0x1492 drivers/src/motor.o
 .debug_info    0x00004e5a      0x4a3 drivers/src/solenoid.o
 .debug_info    0x000052fd     0x123b drivers/src/encoder.o
 .debug_info    0x00006538      0xac5 drivers/src/PID.o
 .debug_info    0x00006ffd     0x14cd drivers/src/PWM.o
 .debug_info    0x000084ca     0x13ae drivers/src/time.o
 .debug_info    0x00009878     0x1b30 drivers/src/UART.o
 .debug_info    0x0000b3a8      0xe97 main.o
 .debug_info    0x0000c23f      0xb12 utils.o

.debug_abbrev   0x00000000     0x1c49
 .debug_abbrev  0x00000000      0x153 Device_Startup/startup_sam3xa.o
 .debug_abbrev  0x00000153      0x102 Device_Startup/system_sam3xa.o
 .debug_abbrev  0x00000255      0x2c0 drivers/src/ADC.o
 .debug_abbrev  0x00000515      0x33f drivers/src/CAN.o
 .debug_abbrev  0x00000854      0x1e5 drivers/src/motor.o
 .debug_abbrev  0x00000a39       0xbd drivers/src/solenoid.o
 .debug_abbrev  0x00000af6      0x215 drivers/src/encoder.o
 .debug_abbrev  0x00000d0b      0x1ea drivers/src/PID.o
 .debug_abbrev  0x00000ef5      0x203 drivers/src/PWM.o
 .debug_abbrev  0x000010f8      0x32d drivers/src/time.o
 .debug_abbrev  0x00001425      0x39b drivers/src/UART.o
 .debug_abbrev  0x000017c0      0x29e main.o
 .debug_abbrev  0x00001a5e      0x1eb utils.o

.debug_loc      0x00000000      0xee2
 .debug_loc     0x00000000       0x78 Device_Startup/startup_sam3xa.o
 .debug_loc     0x00000078       0x59 drivers/src/ADC.o
 .debug_loc     0x000000d1      0x1bf drivers/src/CAN.o
 .debug_loc     0x00000290       0x1e drivers/src/motor.o
 .debug_loc     0x000002ae       0x41 drivers/src/encoder.o
 .debug_loc     0x000002ef      0x127 drivers/src/PID.o
 .debug_loc     0x00000416       0x60 drivers/src/PWM.o
 .debug_loc     0x00000476      0x527 drivers/src/time.o
 .debug_loc     0x0000099d      0x48e drivers/src/UART.o
 .debug_loc     0x00000e2b       0x97 main.o
 .debug_loc     0x00000ec2       0x20 utils.o

.debug_aranges  0x00000000      0x338
 .debug_aranges
                0x00000000       0x28 Device_Startup/startup_sam3xa.o
 .debug_aranges
                0x00000028       0x30 Device_Startup/system_sam3xa.o
 .debug_aranges
                0x00000058       0x28 drivers/src/ADC.o
 .debug_aranges
                0x00000080       0x48 drivers/src/CAN.o
 .debug_aranges
                0x000000c8       0x28 drivers/src/motor.o
 .debug_aranges
                0x000000f0       0x30 drivers/src/solenoid.o
 .debug_aranges
                0x00000120       0x38 drivers/src/encoder.o
 .debug_aranges
                0x00000158       0x20 drivers/src/PID.o
 .debug_aranges
                0x00000178       0x30 drivers/src/PWM.o
 .debug_aranges
                0x000001a8       0xa8 drivers/src/time.o
 .debug_aranges
                0x00000250       0xa0 drivers/src/UART.o
 .debug_aranges
                0x000002f0       0x28 main.o
 .debug_aranges
                0x00000318       0x20 utils.o

.debug_ranges   0x00000000      0x268
 .debug_ranges  0x00000000       0x18 Device_Startup/startup_sam3xa.o
 .debug_ranges  0x00000018       0x20 Device_Startup/system_sam3xa.o
 .debug_ranges  0x00000038       0x18 drivers/src/ADC.o
 .debug_ranges  0x00000050       0x38 drivers/src/CAN.o
 .debug_ranges  0x00000088       0x18 drivers/src/motor.o
 .debug_ranges  0x000000a0       0x20 drivers/src/solenoid.o
 .debug_ranges  0x000000c0       0x28 drivers/src/encoder.o
 .debug_ranges  0x000000e8       0x10 drivers/src/PID.o
 .debug_ranges  0x000000f8       0x20 drivers/src/PWM.o
 .debug_ranges  0x00000118       0x98 drivers/src/time.o
 .debug_ranges  0x000001b0       0x90 drivers/src/UART.o
 .debug_ranges  0x00000240       0x18 main.o
 .debug_ranges  0x00000258       0x10 utils.o

.debug_macro    0x00000000    0x14520
 .debug_macro   0x00000000      0x371 Device_Startup/startup_sam3xa.o
 .debug_macro   0x00000371      0x8b0 Device_Startup/startup_sam3xa.o
 .debug_macro   0x00000c21       0x22 Device_Startup/startup_sam3xa.o
 .debug_macro   0x00000c43       0x87 Device_Startup/startup_sam3xa.o
 .debug_macro   0x00000cca       0x51 Device_Startup/startup_sam3xa.o
 .debug_macro   0x00000d1b       0xef Device_Startup/startup_sam3xa.o
 .debug_macro   0x00000e0a       0x6a Device_Startup/startup_sam3xa.o
 .debug_macro   0x00000e74      0x1df Device_Startup/startup_sam3xa.o
 .debug_macro   0x00001053       0x20 Device_Startup/startup_sam3xa.o
 .debug_macro   0x00001073       0x1c Device_Startup/startup_sam3xa.o
 .debug_macro   0x0000108f       0x22 Device_Startup/startup_sam3xa.o
 .debug_macro   0x000010b1       0xc3 Device_Startup/startup_sam3xa.o
 .debug_macro   0x00001174      0xe49 Device_Startup/startup_sam3xa.o
 .debug_macro   0x00001fbd      0x11f Device_Startup/startup_sam3xa.o
 .debug_macro   0x000020dc      0xa7d Device_Startup/startup_sam3xa.o
 .debug_macro   0x00002b59      0x55a Device_Startup/startup_sam3xa.o
 .debug_macro   0x000030b3      0x1a8 Device_Startup/startup_sam3xa.o
 .debug_macro   0x0000325b      0x30b Device_Startup/startup_sam3xa.o
 .debug_macro   0x00003566      0x709 Device_Startup/startup_sam3xa.o
 .debug_macro   0x00003c6f       0xd6 Device_Startup/startup_sam3xa.o
 .debug_macro   0x00003d45      0x56c Device_Startup/startup_sam3xa.o
 .debug_macro   0x000042b1       0x1c Device_Startup/startup_sam3xa.o
 .debug_macro   0x000042cd      0x678 Device_Startup/startup_sam3xa.o
 .debug_macro   0x00004945      0x51e Device_Startup/startup_sam3xa.o
 .debug_macro   0x00004e63       0xbe Device_Startup/startup_sam3xa.o
 .debug_macro   0x00004f21     0x2333 Device_Startup/startup_sam3xa.o
 .debug_macro   0x00007254      0x7d1 Device_Startup/startup_sam3xa.o
 .debug_macro   0x00007a25      0xdbb Device_Startup/startup_sam3xa.o
 .debug_macro   0x000087e0       0x9a Device_Startup/startup_sam3xa.o
 .debug_macro   0x0000887a      0x29c Device_Startup/startup_sam3xa.o
 .debug_macro   0x00008b16       0x58 Device_Startup/startup_sam3xa.o
 .debug_macro   0x00008b6e      0x999 Device_Startup/startup_sam3xa.o
 .debug_macro   0x00009507      0x22d Device_Startup/startup_sam3xa.o
 .debug_macro   0x00009734      0x4b4 Device_Startup/startup_sam3xa.o
 .debug_macro   0x00009be8      0x64a Device_Startup/startup_sam3xa.o
 .debug_macro   0x0000a232      0x590 Device_Startup/startup_sam3xa.o
 .debug_macro   0x0000a7c2       0x46 Device_Startup/startup_sam3xa.o
 .debug_macro   0x0000a808      0x33f Device_Startup/startup_sam3xa.o
 .debug_macro   0x0000ab47      0x27e Device_Startup/startup_sam3xa.o
 .debug_macro   0x0000adc5     0x14dc Device_Startup/startup_sam3xa.o
 .debug_macro   0x0000c2a1      0x7cf Device_Startup/startup_sam3xa.o
 .debug_macro   0x0000ca70       0x76 Device_Startup/startup_sam3xa.o
 .debug_macro   0x0000cae6       0x82 Device_Startup/startup_sam3xa.o
 .debug_macro   0x0000cb68       0x76 Device_Startup/startup_sam3xa.o
 .debug_macro   0x0000cbde       0x4c Device_Startup/startup_sam3xa.o
 .debug_macro   0x0000cc2a      0x100 Device_Startup/startup_sam3xa.o
 .debug_macro   0x0000cd2a      0x100 Device_Startup/startup_sam3xa.o
 .debug_macro   0x0000ce2a      0x100 Device_Startup/startup_sam3xa.o
 .debug_macro   0x0000cf2a       0x88 Device_Startup/startup_sam3xa.o
 .debug_macro   0x0000cfb2       0x88 Device_Startup/startup_sam3xa.o
 .debug_macro   0x0000d03a      0x3b4 Device_Startup/startup_sam3xa.o
 .debug_macro   0x0000d3ee       0xbe Device_Startup/startup_sam3xa.o
 .debug_macro   0x0000d4ac       0xbe Device_Startup/startup_sam3xa.o
 .debug_macro   0x0000d56a       0xbe Device_Startup/startup_sam3xa.o
 .debug_macro   0x0000d628       0xbe Device_Startup/startup_sam3xa.o
 .debug_macro   0x0000d6e6      0x2b8 Device_Startup/startup_sam3xa.o
 .debug_macro   0x0000d99e      0x118 Device_Startup/startup_sam3xa.o
 .debug_macro   0x0000dab6      0x216 Device_Startup/startup_sam3xa.o
 .debug_macro   0x0000dccc      0x216 Device_Startup/startup_sam3xa.o
 .debug_macro   0x0000dee2       0x2e Device_Startup/startup_sam3xa.o
 .debug_macro   0x0000df10       0xac Device_Startup/startup_sam3xa.o
 .debug_macro   0x0000dfbc      0x13e Device_Startup/startup_sam3xa.o
 .debug_macro   0x0000e0fa       0x7c Device_Startup/startup_sam3xa.o
 .debug_macro   0x0000e176      0x1f6 Device_Startup/startup_sam3xa.o
 .debug_macro   0x0000e36c       0x64 Device_Startup/startup_sam3xa.o
 .debug_macro   0x0000e3d0       0xa6 Device_Startup/startup_sam3xa.o
 .debug_macro   0x0000e476       0x7c Device_Startup/startup_sam3xa.o
 .debug_macro   0x0000e4f2       0x16 Device_Startup/startup_sam3xa.o
 .debug_macro   0x0000e508       0x22 Device_Startup/startup_sam3xa.o
 .debug_macro   0x0000e52a       0x22 Device_Startup/startup_sam3xa.o
 .debug_macro   0x0000e54c      0x10c Device_Startup/startup_sam3xa.o
 .debug_macro   0x0000e658      0x10c Device_Startup/startup_sam3xa.o
 .debug_macro   0x0000e764      0x10c Device_Startup/startup_sam3xa.o
 .debug_macro   0x0000e870      0x10c Device_Startup/startup_sam3xa.o
 .debug_macro   0x0000e97c       0x1c Device_Startup/startup_sam3xa.o
 .debug_macro   0x0000e998       0x2e Device_Startup/startup_sam3xa.o
 .debug_macro   0x0000e9c6       0x22 Device_Startup/startup_sam3xa.o
 .debug_macro   0x0000e9e8       0x1c Device_Startup/startup_sam3xa.o
 .debug_macro   0x0000ea04       0x58 Device_Startup/startup_sam3xa.o
 .debug_macro   0x0000ea5c       0x10 Device_Startup/startup_sam3xa.o
 .debug_macro   0x0000ea6c      0x27a Device_Startup/startup_sam3xa.o
 .debug_macro   0x0000ece6      0xd34 Device_Startup/startup_sam3xa.o
 .debug_macro   0x0000fa1a      0x170 Device_Startup/startup_sam3xa.o
 .debug_macro   0x0000fb8a      0x383 Device_Startup/system_sam3xa.o
 .debug_macro   0x0000ff0d      0x521 drivers/src/ADC.o
 .debug_macro   0x0001042e       0x58 drivers/src/ADC.o
 .debug_macro   0x00010486       0x35 drivers/src/ADC.o
 .debug_macro   0x000104bb       0x9c drivers/src/ADC.o
 .debug_macro   0x00010557       0x16 drivers/src/ADC.o
 .debug_macro   0x0001056d       0x97 drivers/src/ADC.o
 .debug_macro   0x00010604      0x34d drivers/src/ADC.o
 .debug_macro   0x00010951       0xf6 drivers/src/ADC.o
 .debug_macro   0x00010a47       0x10 drivers/src/ADC.o
 .debug_macro   0x00010a57       0x58 drivers/src/ADC.o
 .debug_macro   0x00010aaf       0x1f drivers/src/ADC.o
 .debug_macro   0x00010ace       0x43 drivers/src/ADC.o
 .debug_macro   0x00010b11       0x20 drivers/src/ADC.o
 .debug_macro   0x00010b31      0x187 drivers/src/ADC.o
 .debug_macro   0x00010cb8       0x10 drivers/src/ADC.o
 .debug_macro   0x00010cc8       0x1c drivers/src/ADC.o
 .debug_macro   0x00010ce4       0x52 drivers/src/ADC.o
 .debug_macro   0x00010d36       0x40 drivers/src/ADC.o
 .debug_macro   0x00010d76       0x10 drivers/src/ADC.o
 .debug_macro   0x00010d86       0x40 drivers/src/ADC.o
 .debug_macro   0x00010dc6       0xd7 drivers/src/ADC.o
 .debug_macro   0x00010e9d       0x16 drivers/src/ADC.o
 .debug_macro   0x00010eb3      0x18b drivers/src/ADC.o
 .debug_macro   0x0001103e       0x22 drivers/src/ADC.o
 .debug_macro   0x00011060       0x16 drivers/src/ADC.o
 .debug_macro   0x00011076       0x35 drivers/src/ADC.o
 .debug_macro   0x000110ab       0x16 drivers/src/ADC.o
 .debug_macro   0x000110c1       0x29 drivers/src/ADC.o
 .debug_macro   0x000110ea       0x16 drivers/src/ADC.o
 .debug_macro   0x00011100      0x552 drivers/src/CAN.o
 .debug_macro   0x00011652       0x10 drivers/src/CAN.o
 .debug_macro   0x00011662       0x28 drivers/src/CAN.o
 .debug_macro   0x0001168a       0x10 drivers/src/CAN.o
 .debug_macro   0x0001169a       0x1c drivers/src/CAN.o
 .debug_macro   0x000116b6      0x43c drivers/src/motor.o
 .debug_macro   0x00011af2      0x10e drivers/src/motor.o
 .debug_macro   0x00011c00       0x86 drivers/src/motor.o
 .debug_macro   0x00011c86      0x371 drivers/src/solenoid.o
 .debug_macro   0x00011ff7      0x509 drivers/src/encoder.o
 .debug_macro   0x00012500      0x521 drivers/src/PID.o
 .debug_macro   0x00012a21      0x4d4 drivers/src/PWM.o
 .debug_macro   0x00012ef5      0x4f8 drivers/src/time.o
 .debug_macro   0x000133ed      0x503 drivers/src/UART.o
 .debug_macro   0x000138f0       0x16 drivers/src/UART.o
 .debug_macro   0x00013906       0x10 drivers/src/UART.o
 .debug_macro   0x00013916       0x10 drivers/src/UART.o
 .debug_macro   0x00013926       0x35 drivers/src/UART.o
 .debug_macro   0x0001395b      0x122 drivers/src/UART.o
 .debug_macro   0x00013a7d      0x577 main.o
 .debug_macro   0x00013ff4       0x10 main.o
 .debug_macro   0x00014004      0x51c utils.o

.debug_line     0x00000000     0x6eab
 .debug_line    0x00000000      0x728 Device_Startup/startup_sam3xa.o
 .debug_line    0x00000728      0x785 Device_Startup/system_sam3xa.o
 .debug_line    0x00000ead      0x8bd drivers/src/ADC.o
 .debug_line    0x0000176a      0x9d3 drivers/src/CAN.o
 .debug_line    0x0000213d      0x7cb drivers/src/motor.o
 .debug_line    0x00002908      0x739 drivers/src/solenoid.o
 .debug_line    0x00003041      0x89b drivers/src/encoder.o
 .debug_line    0x000038dc      0x876 drivers/src/PID.o
 .debug_line    0x00004152      0x85e drivers/src/PWM.o
 .debug_line    0x000049b0      0x99a drivers/src/time.o
 .debug_line    0x0000534a      0x9d7 drivers/src/UART.o
 .debug_line    0x00005d21      0x910 main.o
 .debug_line    0x00006631      0x87a utils.o

.debug_str      0x00000000    0x55e56
 .debug_str     0x00000000    0x50340 Device_Startup/startup_sam3xa.o
                              0x50502 (size before relaxing)
 .debug_str     0x00050340      0x2c7 Device_Startup/system_sam3xa.o
                              0x50295 (size before relaxing)
 .debug_str     0x00050607     0x470c drivers/src/ADC.o
                              0x54959 (size before relaxing)
 .debug_str     0x00054d13      0x470 drivers/src/CAN.o
                              0x54c75 (size before relaxing)
 .debug_str     0x00055183      0x214 drivers/src/motor.o
                              0x53572 (size before relaxing)
 .debug_str     0x00055397       0x54 drivers/src/solenoid.o
                              0x5020f (size before relaxing)
 .debug_str     0x000553eb       0xda drivers/src/encoder.o
                              0x54602 (size before relaxing)
 .debug_str     0x000554c5       0x71 drivers/src/PID.o
                              0x5426d (size before relaxing)
 .debug_str     0x00055536       0x40 drivers/src/PWM.o
                              0x546ab (size before relaxing)
 .debug_str     0x00055576       0xcd drivers/src/time.o
                              0x546e4 (size before relaxing)
 .debug_str     0x00055643      0x7ac drivers/src/UART.o
                              0x54eb3 (size before relaxing)
 .debug_str     0x00055def       0x5a main.o
                              0x54609 (size before relaxing)
 .debug_str     0x00055e49        0xd utils.o
                              0x5437a (size before relaxing)

.debug_frame    0x00000000     0x1a50
 .debug_frame   0x00000000       0x38 Device_Startup/startup_sam3xa.o
 .debug_frame   0x00000038       0x40 Device_Startup/system_sam3xa.o
 .debug_frame   0x00000078       0x44 drivers/src/ADC.o
 .debug_frame   0x000000bc       0xb8 drivers/src/CAN.o
 .debug_frame   0x00000174       0x30 drivers/src/motor.o
 .debug_frame   0x000001a4       0x40 drivers/src/solenoid.o
 .debug_frame   0x000001e4       0x58 drivers/src/encoder.o
 .debug_frame   0x0000023c       0x34 drivers/src/PID.o
 .debug_frame   0x00000270       0x40 drivers/src/PWM.o
 .debug_frame   0x000002b0      0x214 drivers/src/time.o
 .debug_frame   0x000004c4      0x158 drivers/src/UART.o
 .debug_frame   0x0000061c       0x44 main.o
 .debug_frame   0x00000660       0x34 utils.o
 .debug_frame   0x00000694       0xac c:/program files (x86)/atmel/studio/7.0/toolchain/arm/arm-gnu-toolchain/bin/../lib/gcc/arm-none-eabi/6.3.1/thumb/v7-m\libgcc.a(_arm_addsubdf3.o)
 .debug_frame   0x00000740       0x50 c:/program files (x86)/atmel/studio/7.0/toolchain/arm/arm-gnu-toolchain/bin/../lib/gcc/arm-none-eabi/6.3.1/thumb/v7-m\libgcc.a(_arm_muldivdf3.o)
 .debug_frame   0x00000790       0x2c c:/program files (x86)/atmel/studio/7.0/toolchain/arm/arm-gnu-toolchain/bin/../lib/gcc/arm-none-eabi/6.3.1/thumb/v7-m\libgcc.a(_aeabi_uldivmod.o)
 .debug_frame   0x000007bc       0x3c c:/program files (x86)/atmel/studio/7.0/toolchain/arm/arm-gnu-toolchain/bin/../lib/gcc/arm-none-eabi/6.3.1/thumb/v7-m\libgcc.a(_fixdfdi.o)
 .debug_frame   0x000007f8       0x2c c:/program files (x86)/atmel/studio/7.0/toolchain/arm/arm-gnu-toolchain/bin/../lib/gcc/arm-none-eabi/6.3.1/thumb/v7-m\libgcc.a(_fixunsdfdi.o)
 .debug_frame   0x00000824       0x34 c:/program files (x86)/atmel/studio/7.0/toolchain/arm/arm-gnu-toolchain/bin/../lib/gcc/arm-none-eabi/6.3.1/thumb/v7-m\libgcc.a(_udivmoddi4.o)
 .debug_frame   0x00000858       0xc4 c:/program files (x86)/atmel/studio/7.0/toolchain/arm/arm-gnu-toolchain/bin/../lib/gcc/arm-none-eabi/6.3.1/thumb/v7-m\libgcc.a(_arm_cmpdf2.o)
 .debug_frame   0x0000091c       0x24 c:/program files (x86)/atmel/studio/7.0/toolchain/arm/arm-gnu-toolchain/bin/../lib/gcc/arm-none-eabi/6.3.1/thumb/v7-m\libgcc.a(_arm_fixunsdfsi.o)
 .debug_frame   0x00000940       0x2c c:/program files (x86)/atmel/studio/7.0/toolchain/arm/arm-gnu-toolchain/bin/../lib/gcc/arm-none-eabi/6.3.1/../../../../arm-none-eabi/lib/thumb/v7-m\libc.a(lib_a-init.o)
 .debug_frame   0x0000096c       0x34 c:/program files (x86)/atmel/studio/7.0/toolchain/arm/arm-gnu-toolchain/bin/../lib/gcc/arm-none-eabi/6.3.1/../../../../arm-none-eabi/lib/thumb/v7-m\libc.a(lib_a-memset.o)
 .debug_frame   0x000009a0       0x78 c:/program files (x86)/atmel/studio/7.0/toolchain/arm/arm-gnu-toolchain/bin/../lib/gcc/arm-none-eabi/6.3.1/../../../../arm-none-eabi/lib/thumb/v7-m\libc.a(lib_a-printf.o)
 .debug_frame   0x00000a18       0x4c c:/program files (x86)/atmel/studio/7.0/toolchain/arm/arm-gnu-toolchain/bin/../lib/gcc/arm-none-eabi/6.3.1/../../../../arm-none-eabi/lib/thumb/v7-m\libc.a(lib_a-puts.o)
 .debug_frame   0x00000a64       0x20 c:/program files (x86)/atmel/studio/7.0/toolchain/arm/arm-gnu-toolchain/bin/../lib/gcc/arm-none-eabi/6.3.1/../../../../arm-none-eabi/lib/thumb/v7-m\libc.a(lib_a-strlen-stub.o)
 .debug_frame   0x00000a84       0x94 c:/program files (x86)/atmel/studio/7.0/toolchain/arm/arm-gnu-toolchain/bin/../lib/gcc/arm-none-eabi/6.3.1/../../../../arm-none-eabi/lib/thumb/v7-m\libc.a(lib_a-vfprintf.o)
 .debug_frame   0x00000b18       0x2c c:/program files (x86)/atmel/studio/7.0/toolchain/arm/arm-gnu-toolchain/bin/../lib/gcc/arm-none-eabi/6.3.1/../../../../arm-none-eabi/lib/thumb/v7-m\libc.a(lib_a-wsetup.o)
 .debug_frame   0x00000b44       0x5c c:/program files (x86)/atmel/studio/7.0/toolchain/arm/arm-gnu-toolchain/bin/../lib/gcc/arm-none-eabi/6.3.1/../../../../arm-none-eabi/lib/thumb/v7-m\libc.a(lib_a-__call_atexit.o)
 .debug_frame   0x00000ba0       0x20 c:/program files (x86)/atmel/studio/7.0/toolchain/arm/arm-gnu-toolchain/bin/../lib/gcc/arm-none-eabi/6.3.1/../../../../arm-none-eabi/lib/thumb/v7-m\libc.a(lib_a-atexit.o)
 .debug_frame   0x00000bc0       0x84 c:/program files (x86)/atmel/studio/7.0/toolchain/arm/arm-gnu-toolchain/bin/../lib/gcc/arm-none-eabi/6.3.1/../../../../arm-none-eabi/lib/thumb/v7-m\libc.a(lib_a-dtoa.o)
 .debug_frame   0x00000c44       0x5c c:/program files (x86)/atmel/studio/7.0/toolchain/arm/arm-gnu-toolchain/bin/../lib/gcc/arm-none-eabi/6.3.1/../../../../arm-none-eabi/lib/thumb/v7-m\libc.a(lib_a-fflush.o)
 .debug_frame   0x00000ca0      0x150 c:/program files (x86)/atmel/studio/7.0/toolchain/arm/arm-gnu-toolchain/bin/../lib/gcc/arm-none-eabi/6.3.1/../../../../arm-none-eabi/lib/thumb/v7-m\libc.a(lib_a-findfp.o)
 .debug_frame   0x00000df0       0x34 c:/program files (x86)/atmel/studio/7.0/toolchain/arm/arm-gnu-toolchain/bin/../lib/gcc/arm-none-eabi/6.3.1/../../../../arm-none-eabi/lib/thumb/v7-m\libc.a(lib_a-fini.o)
 .debug_frame   0x00000e24       0x74 c:/program files (x86)/atmel/studio/7.0/toolchain/arm/arm-gnu-toolchain/bin/../lib/gcc/arm-none-eabi/6.3.1/../../../../arm-none-eabi/lib/thumb/v7-m\libc.a(lib_a-freer.o)
 .debug_frame   0x00000e98       0x68 c:/program files (x86)/atmel/studio/7.0/toolchain/arm/arm-gnu-toolchain/bin/../lib/gcc/arm-none-eabi/6.3.1/../../../../arm-none-eabi/lib/thumb/v7-m\libc.a(lib_a-fvwrite.o)
 .debug_frame   0x00000f00       0x54 c:/program files (x86)/atmel/studio/7.0/toolchain/arm/arm-gnu-toolchain/bin/../lib/gcc/arm-none-eabi/6.3.1/../../../../arm-none-eabi/lib/thumb/v7-m\libc.a(lib_a-fwalk.o)
 .debug_frame   0x00000f54       0x40 c:/program files (x86)/atmel/studio/7.0/toolchain/arm/arm-gnu-toolchain/bin/../lib/gcc/arm-none-eabi/6.3.1/../../../../arm-none-eabi/lib/thumb/v7-m\libc.a(lib_a-localeconv.o)
 .debug_frame   0x00000f94       0xb0 c:/program files (x86)/atmel/studio/7.0/toolchain/arm/arm-gnu-toolchain/bin/../lib/gcc/arm-none-eabi/6.3.1/../../../../arm-none-eabi/lib/thumb/v7-m\libc.a(lib_a-lock.o)
 .debug_frame   0x00001044       0x68 c:/program files (x86)/atmel/studio/7.0/toolchain/arm/arm-gnu-toolchain/bin/../lib/gcc/arm-none-eabi/6.3.1/../../../../arm-none-eabi/lib/thumb/v7-m\libc.a(lib_a-makebuf.o)
 .debug_frame   0x000010ac       0x54 c:/program files (x86)/atmel/studio/7.0/toolchain/arm/arm-gnu-toolchain/bin/../lib/gcc/arm-none-eabi/6.3.1/../../../../arm-none-eabi/lib/thumb/v7-m\libc.a(lib_a-mallocr.o)
 .debug_frame   0x00001100       0x34 c:/program files (x86)/atmel/studio/7.0/toolchain/arm/arm-gnu-toolchain/bin/../lib/gcc/arm-none-eabi/6.3.1/../../../../arm-none-eabi/lib/thumb/v7-m\libc.a(lib_a-memchr-stub.o)
 .debug_frame   0x00001134       0x30 c:/program files (x86)/atmel/studio/7.0/toolchain/arm/arm-gnu-toolchain/bin/../lib/gcc/arm-none-eabi/6.3.1/../../../../arm-none-eabi/lib/thumb/v7-m\libc.a(lib_a-memmove.o)
 .debug_frame   0x00001164       0x30 c:/program files (x86)/atmel/studio/7.0/toolchain/arm/arm-gnu-toolchain/bin/../lib/gcc/arm-none-eabi/6.3.1/../../../../arm-none-eabi/lib/thumb/v7-m\libc.a(lib_a-mlock.o)
 .debug_frame   0x00001194      0x260 c:/program files (x86)/atmel/studio/7.0/toolchain/arm/arm-gnu-toolchain/bin/../lib/gcc/arm-none-eabi/6.3.1/../../../../arm-none-eabi/lib/thumb/v7-m\libc.a(lib_a-mprec.o)
 .debug_frame   0x000013f4       0x68 c:/program files (x86)/atmel/studio/7.0/toolchain/arm/arm-gnu-toolchain/bin/../lib/gcc/arm-none-eabi/6.3.1/../../../../arm-none-eabi/lib/thumb/v7-m\libc.a(lib_a-reallocr.o)
 .debug_frame   0x0000145c       0x2c c:/program files (x86)/atmel/studio/7.0/toolchain/arm/arm-gnu-toolchain/bin/../lib/gcc/arm-none-eabi/6.3.1/../../../../arm-none-eabi/lib/thumb/v7-m\libc.a(lib_a-sbrkr.o)
 .debug_frame   0x00001488       0x88 c:/program files (x86)/atmel/studio/7.0/toolchain/arm/arm-gnu-toolchain/bin/../lib/gcc/arm-none-eabi/6.3.1/../../../../arm-none-eabi/lib/thumb/v7-m\libc.a(lib_a-stdio.o)
 .debug_frame   0x00001510       0xd8 c:/program files (x86)/atmel/studio/7.0/toolchain/arm/arm-gnu-toolchain/bin/../lib/gcc/arm-none-eabi/6.3.1/../../../../arm-none-eabi/lib/thumb/v7-m\libc.a(lib_a-vfiprintf.o)
 .debug_frame   0x000015e8       0x30 c:/program files (x86)/atmel/studio/7.0/toolchain/arm/arm-gnu-toolchain/bin/../lib/gcc/arm-none-eabi/6.3.1/../../../../arm-none-eabi/lib/thumb/v7-m\libc.a(lib_a-writer.o)
 .debug_frame   0x00001618       0x34 c:/program files (x86)/atmel/studio/7.0/toolchain/arm/arm-gnu-toolchain/bin/../lib/gcc/arm-none-eabi/6.3.1/../../../../arm-none-eabi/lib/thumb/v7-m\libc.a(lib_a-__atexit.o)
 .debug_frame   0x0000164c       0x28 c:/program files (x86)/atmel/studio/7.0/toolchain/arm/arm-gnu-toolchain/bin/../lib/gcc/arm-none-eabi/6.3.1/../../../../arm-none-eabi/lib/thumb/v7-m\libc.a(lib_a-callocr.o)
 .debug_frame   0x00001674       0x2c c:/program files (x86)/atmel/studio/7.0/toolchain/arm/arm-gnu-toolchain/bin/../lib/gcc/arm-none-eabi/6.3.1/../../../../arm-none-eabi/lib/thumb/v7-m\libc.a(lib_a-closer.o)
 .debug_frame   0x000016a0       0x3c c:/program files (x86)/atmel/studio/7.0/toolchain/arm/arm-gnu-toolchain/bin/../lib/gcc/arm-none-eabi/6.3.1/../../../../arm-none-eabi/lib/thumb/v7-m\libc.a(lib_a-fclose.o)
 .debug_frame   0x000016dc       0x90 c:/program files (x86)/atmel/studio/7.0/toolchain/arm/arm-gnu-toolchain/bin/../lib/gcc/arm-none-eabi/6.3.1/../../../../arm-none-eabi/lib/thumb/v7-m\libc.a(lib_a-fputwc.o)
 .debug_frame   0x0000176c       0x2c c:/program files (x86)/atmel/studio/7.0/toolchain/arm/arm-gnu-toolchain/bin/../lib/gcc/arm-none-eabi/6.3.1/../../../../arm-none-eabi/lib/thumb/v7-m\libc.a(lib_a-fstatr.o)
 .debug_frame   0x00001798       0x2c c:/program files (x86)/atmel/studio/7.0/toolchain/arm/arm-gnu-toolchain/bin/../lib/gcc/arm-none-eabi/6.3.1/../../../../arm-none-eabi/lib/thumb/v7-m\libc.a(lib_a-isattyr.o)
 .debug_frame   0x000017c4       0x6c c:/program files (x86)/atmel/studio/7.0/toolchain/arm/arm-gnu-toolchain/bin/../lib/gcc/arm-none-eabi/6.3.1/../../../../arm-none-eabi/lib/thumb/v7-m\libc.a(lib_a-locale.o)
 .debug_frame   0x00001830       0x30 c:/program files (x86)/atmel/studio/7.0/toolchain/arm/arm-gnu-toolchain/bin/../lib/gcc/arm-none-eabi/6.3.1/../../../../arm-none-eabi/lib/thumb/v7-m\libc.a(lib_a-lseekr.o)
 .debug_frame   0x00001860       0x4c c:/program files (x86)/atmel/studio/7.0/toolchain/arm/arm-gnu-toolchain/bin/../lib/gcc/arm-none-eabi/6.3.1/../../../../arm-none-eabi/lib/thumb/v7-m\libc.a(lib_a-mbtowc_r.o)
 .debug_frame   0x000018ac       0x30 c:/program files (x86)/atmel/studio/7.0/toolchain/arm/arm-gnu-toolchain/bin/../lib/gcc/arm-none-eabi/6.3.1/../../../../arm-none-eabi/lib/thumb/v7-m\libc.a(lib_a-readr.o)
 .debug_frame   0x000018dc       0x58 c:/program files (x86)/atmel/studio/7.0/toolchain/arm/arm-gnu-toolchain/bin/../lib/gcc/arm-none-eabi/6.3.1/../../../../arm-none-eabi/lib/thumb/v7-m\libc.a(lib_a-reent.o)
 .debug_frame   0x00001934       0x40 c:/program files (x86)/atmel/studio/7.0/toolchain/arm/arm-gnu-toolchain/bin/../lib/gcc/arm-none-eabi/6.3.1/../../../../arm-none-eabi/lib/thumb/v7-m\libc.a(lib_a-wbuf.o)
 .debug_frame   0x00001974       0x5c c:/program files (x86)/atmel/studio/7.0/toolchain/arm/arm-gnu-toolchain/bin/../lib/gcc/arm-none-eabi/6.3.1/../../../../arm-none-eabi/lib/thumb/v7-m\libc.a(lib_a-wcrtomb.o)
 .debug_frame   0x000019d0       0x3c c:/program files (x86)/atmel/studio/7.0/toolchain/arm/arm-gnu-toolchain/bin/../lib/gcc/arm-none-eabi/6.3.1/../../../../arm-none-eabi/lib/thumb/v7-m\libc.a(lib_a-wctomb_r.o)
 .debug_frame   0x00001a0c       0x20 c:/program files (x86)/atmel/studio/7.0/toolchain/arm/arm-gnu-toolchain/bin/../lib/gcc/arm-none-eabi/6.3.1/thumb/v7-m\libgcc.a(_arm_unorddf2.o)
 .debug_frame   0x00001a2c       0x24 c:/program files (x86)/atmel/studio/7.0/toolchain/arm/arm-gnu-toolchain/bin/../lib/gcc/arm-none-eabi/6.3.1/thumb/v7-m\libgcc.a(_arm_fixdfsi.o)